[debug] [2026-10-10T07:27:54.103Z] ----------------------------------------------------------------------
[debug] [2026-10-10T07:27:54.104Z] Command:       /Users/ruben/.nvm/versions/node/v22.13.0/bin/node /Users/ruben/.nvm/versions/node/v22.13.0/bin/firebase database:get /agencyMaintenance --project portfolio-2578e --shallow
[debug] [2026-10-10T07:27:54.104Z] CLI Version:   15.6.0
[debug] [2026-10-10T07:27:54.104Z] Platform:      darwin
[debug] [2026-10-10T07:27:54.105Z] Node Version:  v22.13.0
[debug] [2026-10-10T07:27:54.105Z] Time:          Sat Oct 10 2026 00:27:54 GMT-0700 (Pacific Daylight Time)
[debug] [2026-10-10T07:27:54.105Z] ----------------------------------------------------------------------
[debug] 
[debug] [2026-10-10T07:27:54.525Z] > command requires scopes: ["email","openid","https://www.googleapis.com/auth/cloudplatformprojects.readonly","https://www.googleapis.com/auth/firebase","https://www.googleapis.com/auth/cloud-platform"]
[debug] [2026-10-10T07:27:54.525Z] > authorizing via signed-in user (ruben.jim.co@gmail.com)
[debug] [2026-10-10T07:27:54.525Z] [iam] checking project portfolio-2578e for permissions ["firebase.projects.get","firebasedatabase.instances.get"]
[debug] [2026-10-10T07:27:54.526Z] Checked if tokens are valid: true, expires at: 1791620089429
[debug] [2026-10-10T07:27:54.526Z] Checked if tokens are valid: true, expires at: 1791620089429
[debug] [2026-10-10T07:27:54.526Z] >>> [apiv2][query] POST https://cloudresourcemanager.googleapis.com/v1/projects/portfolio-2578e:testIamPermissions [none]
[debug] [2026-10-10T07:27:54.526Z] >>> [apiv2][(partial)header] POST https://cloudresourcemanager.googleapis.com/v1/projects/portfolio-2578e:testIamPermissions  x-goog-user-project=portfolio-2578e
[debug] [2026-10-10T07:27:54.526Z] >>> [apiv2][body] POST https://cloudresourcemanager.googleapis.com/v1/projects/portfolio-2578e:testIamPermissions {"permissions":["firebase.projects.get","firebasedatabase.instances.get"]}
[debug] [2026-10-10T07:27:54.718Z] <<< [apiv2][status] POST https://cloudresourcemanager.googleapis.com/v1/projects/portfolio-2578e:testIamPermissions 200
[debug] [2026-10-10T07:27:54.719Z] <<< [apiv2][body] POST https://cloudresourcemanager.googleapis.com/v1/projects/portfolio-2578e:testIamPermissions {"permissions":["firebase.projects.get","firebasedatabase.instances.get"]}
[debug] [2026-10-10T07:27:54.719Z] Checked if tokens are valid: true, expires at: 1791620089429
[debug] [2026-10-10T07:27:54.719Z] Checked if tokens are valid: true, expires at: 1791620089429
[debug] [2026-10-10T07:27:54.719Z] >>> [apiv2][query] GET https://firebase.googleapis.com/v1beta1/projects/portfolio-2578e [none]
[debug] [2026-10-10T07:27:55.021Z] <<< [apiv2][status] GET https://firebase.googleapis.com/v1beta1/projects/portfolio-2578e 200
[debug] [2026-10-10T07:27:55.021Z] <<< [apiv2][body] GET https://firebase.googleapis.com/v1beta1/projects/portfolio-2578e {"projectId":"portfolio-2578e","projectNumber":"980239353589","displayName":"Portfolio","name":"projects/portfolio-2578e","resources":{"hostingSite":"portfolio-2578e","realtimeDatabaseInstance":"portfolio-2578e-default-rtdb"},"state":"ACTIVE","labels":{"firebase":"enabled","firebase/storage-default-bucket":"created"},"etag":"1_af2910b5-1e9b-43f0-8ed0-91329f400ae7"}
[debug] [2026-10-10T07:27:55.021Z] Checked if tokens are valid: true, expires at: 1791620089429
[debug] [2026-10-10T07:27:55.021Z] Checked if tokens are valid: true, expires at: 1791620089429
[debug] [2026-10-10T07:27:55.022Z] >>> [apiv2][query] GET https://firebasedatabase.googleapis.com/v1beta/projects/portfolio-2578e/locations/-/instances/portfolio-2578e-default-rtdb [none]
[debug] [2026-10-10T07:27:55.549Z] <<< [apiv2][status] GET https://firebasedatabase.googleapis.com/v1beta/projects/portfolio-2578e/locations/-/instances/portfolio-2578e-default-rtdb 200
[debug] [2026-10-10T07:27:55.549Z] <<< [apiv2][body] GET https://firebasedatabase.googleapis.com/v1beta/projects/portfolio-2578e/locations/-/instances/portfolio-2578e-default-rtdb {"name":"projects/980239353589/locations/us-central1/instances/portfolio-2578e-default-rtdb","project":"projects/980239353589","databaseUrl":"https://portfolio-2578e-default-rtdb.firebaseio.com","type":"DEFAULT_DATABASE","state":"ACTIVE"}
[debug] [2026-10-10T07:27:55.550Z] Checked if tokens are valid: true, expires at: 1791620089429
[debug] [2026-10-10T07:27:55.550Z] Checked if tokens are valid: true, expires at: 1791620089429
[debug] [2026-10-10T07:27:55.550Z] >>> [apiv2][query] GET https://portfolio-2578e-default-rtdb.firebaseio.com/agencyMaintenance.json shallow=true
[debug] [2026-10-10T07:28:08.490Z] ----------------------------------------------------------------------
[debug] [2026-10-10T07:28:08.496Z] Command:       /Users/ruben/.nvm/versions/node/v22.13.0/bin/node /Users/ruben/.nvm/versions/node/v22.13.0/bin/firebase deploy --only functions
[debug] [2026-10-10T07:28:08.496Z] CLI Version:   15.6.0
[debug] [2026-10-10T07:28:08.496Z] Platform:      darwin
[debug] [2026-10-10T07:28:08.496Z] Node Version:  v22.13.0
[debug] [2026-10-10T07:28:08.496Z] Time:          Sat Oct 10 2026 00:28:08 GMT-0700 (Pacific Daylight Time)
[debug] [2026-10-10T07:28:08.496Z] ----------------------------------------------------------------------
[debug] 
[debug] [2026-10-10T07:28:09.232Z] > command requires scopes: ["email","openid","https://www.googleapis.com/auth/cloudplatformprojects.readonly","https://www.googleapis.com/auth/firebase","https://www.googleapis.com/auth/cloud-platform"]
[debug] [2026-10-10T07:28:09.233Z] > authorizing via signed-in user (ruben.jim.co@gmail.com)
[debug] [2026-10-10T07:28:09.233Z] [iam] checking project portfolio-2578e for permissions ["cloudfunctions.functions.create","cloudfunctions.functions.delete","cloudfunctions.functions.get","cloudfunctions.functions.list","cloudfunctions.functions.update","cloudfunctions.operations.get","firebase.projects.get"]
[debug] [2026-10-10T07:28:09.233Z] Checked if tokens are valid: true, expires at: 1791620089429
[debug] [2026-10-10T07:28:09.233Z] Checked if tokens are valid: true, expires at: 1791620089429
[debug] [2026-10-10T07:28:09.234Z] >>> [apiv2][query] POST https://cloudresourcemanager.googleapis.com/v1/projects/portfolio-2578e:testIamPermissions [none]
[debug] [2026-10-10T07:28:09.234Z] >>> [apiv2][(partial)header] POST https://cloudresourcemanager.googleapis.com/v1/projects/portfolio-2578e:testIamPermissions  x-goog-user-project=portfolio-2578e
[debug] [2026-10-10T07:28:09.234Z] >>> [apiv2][body] POST https://cloudresourcemanager.googleapis.com/v1/projects/portfolio-2578e:testIamPermissions {"permissions":["cloudfunctions.functions.create","cloudfunctions.functions.delete","cloudfunctions.functions.get","cloudfunctions.functions.list","cloudfunctions.functions.update","cloudfunctions.operations.get","firebase.projects.get"]}
[debug] [2026-10-10T07:28:09.532Z] <<< [apiv2][status] POST https://cloudresourcemanager.googleapis.com/v1/projects/portfolio-2578e:testIamPermissions 200
[debug] [2026-10-10T07:28:09.532Z] <<< [apiv2][body] POST https://cloudresourcemanager.googleapis.com/v1/projects/portfolio-2578e:testIamPermissions {"permissions":["cloudfunctions.functions.create","cloudfunctions.functions.delete","cloudfunctions.functions.get","cloudfunctions.functions.list","cloudfunctions.functions.update","cloudfunctions.operations.get","firebase.projects.get"]}
[debug] [2026-10-10T07:28:09.532Z] Checked if tokens are valid: true, expires at: 1791620089429
[debug] [2026-10-10T07:28:09.533Z] Checked if tokens are valid: true, expires at: 1791620089429
[debug] [2026-10-10T07:28:09.533Z] >>> [apiv2][query] POST https://iam.googleapis.com/v1/projects/portfolio-2578e/serviceAccounts/portfolio-2578e@appspot.gserviceaccount.com:testIamPermissions [none]
[debug] [2026-10-10T07:28:09.533Z] >>> [apiv2][body] POST https://iam.googleapis.com/v1/projects/portfolio-2578e/serviceAccounts/portfolio-2578e@appspot.gserviceaccount.com:testIamPermissions {"permissions":["iam.serviceAccounts.actAs"]}
[debug] [2026-10-10T07:28:09.732Z] <<< [apiv2][status] POST https://iam.googleapis.com/v1/projects/portfolio-2578e/serviceAccounts/portfolio-2578e@appspot.gserviceaccount.com:testIamPermissions 200
[debug] [2026-10-10T07:28:09.733Z] <<< [apiv2][body] POST https://iam.googleapis.com/v1/projects/portfolio-2578e/serviceAccounts/portfolio-2578e@appspot.gserviceaccount.com:testIamPermissions {"permissions":["iam.serviceAccounts.actAs"]}
[info] 
[info] === Deploying to 'portfolio-2578e'...
[info] 
[info] i  deploying functions 
[info] Running command: cp "$RESOURCE_DIR/../assets/js/lead-match.js" "$RESOURCE_DIR/lead-match.js"
[info] ✔  functions: Finished running predeploy script. 
[debug] [2026-10-10T07:28:09.837Z] Checked if tokens are valid: true, expires at: 1791620089429
[debug] [2026-10-10T07:28:09.837Z] Checked if tokens are valid: true, expires at: 1791620089429
[debug] [2026-10-10T07:28:09.837Z] >>> [apiv2][query] GET https://cloudresourcemanager.googleapis.com/v1/projects/portfolio-2578e [none]
[debug] [2026-10-10T07:28:09.966Z] <<< [apiv2][status] GET https://cloudresourcemanager.googleapis.com/v1/projects/portfolio-2578e 200
[debug] [2026-10-10T07:28:09.966Z] <<< [apiv2][body] GET https://cloudresourcemanager.googleapis.com/v1/projects/portfolio-2578e {"projectNumber":"980239353589","projectId":"portfolio-2578e","lifecycleState":"ACTIVE","name":"Portfolio","labels":{"firebase":"enabled","firebase-core":"disabled"},"createTime":"2025-09-27T06:29:23.731801Z"}
[info] i  functions: preparing codebase default for deployment 
[info] i  functions: ensuring required API cloudfunctions.googleapis.com is enabled... 
[info] i  functions: ensuring required API cloudbuild.googleapis.com is enabled... 
[info] i  artifactregistry: ensuring required API artifactregistry.googleapis.com is enabled... 
[debug] [2026-10-10T07:28:09.974Z] Checked if tokens are valid: true, expires at: 1791620089429
[debug] [2026-10-10T07:28:09.974Z] Checked if tokens are valid: true, expires at: 1791620089429
[debug] [2026-10-10T07:28:09.974Z] >>> [apiv2][query] GET https://firebase.googleapis.com/v1beta1/projects/portfolio-2578e/adminSdkConfig [none]
[debug] [2026-10-10T07:28:10.276Z] <<< [apiv2][status] GET https://firebase.googleapis.com/v1beta1/projects/portfolio-2578e/adminSdkConfig 200
[debug] [2026-10-10T07:28:10.276Z] <<< [apiv2][body] GET https://firebase.googleapis.com/v1beta1/projects/portfolio-2578e/adminSdkConfig {"projectId":"portfolio-2578e","databaseURL":"https://portfolio-2578e-default-rtdb.firebaseio.com","storageBucket":"portfolio-2578e.firebasestorage.app"}
[debug] [2026-10-10T07:28:10.277Z] Checked if tokens are valid: true, expires at: 1791620089429
[debug] [2026-10-10T07:28:10.277Z] Checked if tokens are valid: true, expires at: 1791620089429
[debug] [2026-10-10T07:28:10.278Z] >>> [apiv2][query] GET https://runtimeconfig.googleapis.com/v1beta1/projects/portfolio-2578e/configs [none]
[debug] [2026-10-10T07:28:10.619Z] <<< [apiv2][status] GET https://runtimeconfig.googleapis.com/v1beta1/projects/portfolio-2578e/configs 200
[debug] [2026-10-10T07:28:10.619Z] <<< [apiv2][body] GET https://runtimeconfig.googleapis.com/v1beta1/projects/portfolio-2578e/configs {}
[debug] [2026-10-10T07:28:10.625Z] Validating nodejs source
[warn] ⚠  functions: Runtime Node.js 20 was deprecated on 2026-04-30 and will be decommissioned on 2026-10-30, after which you will not be able to deploy without upgrading. Consider upgrading now to avoid disruption. See https://cloud.google.com/functions/docs/runtime-support for full details on the lifecycle policy 
[warn] ⚠  functions: package.json indicates an outdated version of firebase-functions. Please upgrade using npm install --save firebase-functions@latest in your functions directory. 
[warn] ⚠  functions: Please note that there will be breaking changes when you upgrade. 
[debug] [2026-10-10T07:28:11.309Z] > [functions] package.json contents: {
  "name": "portfolio-functions",
  "description": "HTTPS email relay for portfolio (Resend)",
  "private": true,
  "engines": {
    "node": "20"
  },
  "main": "index.js",
  "dependencies": {
    "firebase-admin": "^12.6.0",
    "firebase-functions": "^6.1.0",
    "resend": "^4.0.1",
    "svix": "^1.99.1"
  }
}
[debug] [2026-10-10T07:28:11.310Z] Building nodejs source
[info] i  functions: Loading and analyzing source code for codebase default to determine what to deploy 
[debug] [2026-10-10T07:28:11.311Z] Could not find functions.yaml. Must use http discovery
[debug] [2026-10-10T07:28:11.355Z] Found firebase-functions binary at '/Users/ruben/Dev/Apps/Portfolio/functions/node_modules/.bin/firebase-functions'
[info] Serving at port 8417

[debug] [2026-10-10T07:28:11.742Z] Got response from /__/functions.yaml {"endpoints":{"sendPortfolioEmail":{"availableMemoryMb":256,"timeoutSeconds":30,"minInstances":null,"maxInstances":null,"ingressSettings":null,"concurrency":null,"serviceAccountEmail":null,"vpc":null,"platform":"gcfv2","region":["us-central1"],"secretEnvironmentVariables":[{"key":"RESEND_API_KEY"}],"labels":{},"httpsTrigger":{"invoker":["public"]},"entryPoint":"sendPortfolioEmail"},"resendInboundWebhook":{"availableMemoryMb":256,"timeoutSeconds":60,"minInstances":null,"maxInstances":null,"ingressSettings":null,"concurrency":null,"serviceAccountEmail":null,"vpc":null,"platform":"gcfv2","region":["us-central1"],"secretEnvironmentVariables":[{"key":"RESEND_API_KEY"},{"key":"RESEND_WEBHOOK_SECRET"}],"labels":{},"httpsTrigger":{"invoker":["public"]},"entryPoint":"resendInboundWebhook"},"resendOutboundWebhook":{"availableMemoryMb":256,"timeoutSeconds":60,"minInstances":null,"maxInstances":null,"ingressSettings":null,"concurrency":null,"serviceAccountEmail":null,"vpc":null,"platform":"gcfv2","region":["us-central1"],"secretEnvironmentVariables":[{"key":"RESEND_OUTBOUND_WEBHOOK_SECRET"},{"key":"RESEND_API_KEY"}],"labels":{},"httpsTrigger":{"invoker":["public"]},"entryPoint":"resendOutboundWebhook"},"leadFromInquiry":{"availableMemoryMb":null,"timeoutSeconds":null,"minInstances":null,"maxInstances":null,"ingressSettings":null,"concurrency":null,"serviceAccountEmail":null,"vpc":null,"platform":"gcfv2","region":["us-central1"],"labels":{},"eventTrigger":{"eventType":"google.firebase.database.ref.v1.created","eventFilters":{"instance":"portfolio-2578e-default-rtdb"},"eventFilterPathPatterns":{"ref":"dm/threadMessages/{conversationId}/{messageId}"},"retry":false},"entryPoint":"leadFromInquiry"},"leadFromBooking":{"availableMemoryMb":null,"timeoutSeconds":null,"minInstances":null,"maxInstances":null,"ingressSettings":null,"concurrency":null,"serviceAccountEmail":null,"vpc":null,"platform":"gcfv2","region":["us-central1"],"labels":{},"eventTrigger":{"eventType":"google.firebase.database.ref.v1.created","eventFilters":{"instance":"portfolio-2578e-default-rtdb"},"eventFilterPathPatterns":{"ref":"agencyBookings/{bookingId}"},"retry":false},"entryPoint":"leadFromBooking"}},"specVersion":"v1alpha1","requiredAPIs":[],"extensions":{},"params":[{"type":"secret","name":"RESEND_API_KEY"},{"type":"secret","name":"RESEND_WEBHOOK_SECRET"},{"type":"secret","name":"RESEND_OUTBOUND_WEBHOOK_SECRET"},{"name":"RESEND_FROM","type":"string","default":"CodeWithRuben <contact@rubenjimenez.dev>"},{"name":"NOTIFY_TO_EMAIL","type":"string","default":""}]}
[info] i  extensions: ensuring required API firebaseextensions.googleapis.com is enabled... 
[debug] [2026-10-10T07:28:15.766Z] > command requires scopes: ["email","openid","https://www.googleapis.com/auth/cloudplatformprojects.readonly","https://www.googleapis.com/auth/firebase","https://www.googleapis.com/auth/cloud-platform"]
[debug] [2026-10-10T07:28:15.766Z] > authorizing via signed-in user (ruben.jim.co@gmail.com)
[debug] [2026-10-10T07:28:15.766Z] [iam] checking project portfolio-2578e for permissions ["firebase.projects.get","firebaseextensions.instances.list"]
[debug] [2026-10-10T07:28:15.766Z] Checked if tokens are valid: true, expires at: 1791620089429
[debug] [2026-10-10T07:28:15.766Z] Checked if tokens are valid: true, expires at: 1791620089429
[debug] [2026-10-10T07:28:15.766Z] >>> [apiv2][query] POST https://cloudresourcemanager.googleapis.com/v1/projects/portfolio-2578e:testIamPermissions [none]
[debug] [2026-10-10T07:28:15.766Z] >>> [apiv2][(partial)header] POST https://cloudresourcemanager.googleapis.com/v1/projects/portfolio-2578e:testIamPermissions  x-goog-user-project=portfolio-2578e
[debug] [2026-10-10T07:28:15.766Z] >>> [apiv2][body] POST https://cloudresourcemanager.googleapis.com/v1/projects/portfolio-2578e:testIamPermissions {"permissions":["firebase.projects.get","firebaseextensions.instances.list"]}
[debug] [2026-10-10T07:28:16.002Z] <<< [apiv2][status] POST https://cloudresourcemanager.googleapis.com/v1/projects/portfolio-2578e:testIamPermissions 200
[debug] [2026-10-10T07:28:16.003Z] <<< [apiv2][body] POST https://cloudresourcemanager.googleapis.com/v1/projects/portfolio-2578e:testIamPermissions {"permissions":["firebase.projects.get","firebaseextensions.instances.list"]}
[debug] [2026-10-10T07:28:16.003Z] Checked if tokens are valid: true, expires at: 1791620089429
[debug] [2026-10-10T07:28:16.003Z] Checked if tokens are valid: true, expires at: 1791620089429
[debug] [2026-10-10T07:28:16.004Z] >>> [apiv2][query] GET https://firebaseextensions.googleapis.com/v1beta/projects/portfolio-2578e/instances pageSize=100&pageToken=
[debug] [2026-10-10T07:28:16.417Z] <<< [apiv2][status] GET https://firebaseextensions.googleapis.com/v1beta/projects/portfolio-2578e/instances 200
[debug] [2026-10-10T07:28:16.417Z] <<< [apiv2][body] GET https://firebaseextensions.googleapis.com/v1beta/projects/portfolio-2578e/instances {}
[info] i  functions: Loaded environment variables from .env.portfolio-2578e. 
[debug] [2026-10-10T07:28:16.421Z] Checked if tokens are valid: true, expires at: 1791620089429
[debug] [2026-10-10T07:28:16.421Z] Checked if tokens are valid: true, expires at: 1791620089429
[debug] [2026-10-10T07:28:16.421Z] >>> [apiv2][query] GET https://secretmanager.googleapis.com/v1/projects/portfolio-2578e/secrets/RESEND_API_KEY [none]
[debug] [2026-10-10T07:28:16.659Z] <<< [apiv2][status] GET https://secretmanager.googleapis.com/v1/projects/portfolio-2578e/secrets/RESEND_API_KEY 200
[debug] [2026-10-10T07:28:16.659Z] <<< [apiv2][body] GET https://secretmanager.googleapis.com/v1/projects/portfolio-2578e/secrets/RESEND_API_KEY {"name":"projects/980239353589/secrets/RESEND_API_KEY","replication":{"automatic":{}},"createTime":"2026-05-03T06:16:38.242754Z","labels":{"firebase-managed":"functions"},"etag":"\"1650e3c1bf86bd\""}
[debug] [2026-10-10T07:28:16.659Z] Checked if tokens are valid: true, expires at: 1791620089429
[debug] [2026-10-10T07:28:16.659Z] Checked if tokens are valid: true, expires at: 1791620089429
[debug] [2026-10-10T07:28:16.659Z] >>> [apiv2][query] GET https://secretmanager.googleapis.com/v1/projects/portfolio-2578e/secrets/RESEND_API_KEY/versions/latest [none]
[debug] [2026-10-10T07:28:16.777Z] <<< [apiv2][status] GET https://secretmanager.googleapis.com/v1/projects/portfolio-2578e/secrets/RESEND_API_KEY/versions/latest 200
[debug] [2026-10-10T07:28:16.778Z] <<< [apiv2][body] GET https://secretmanager.googleapis.com/v1/projects/portfolio-2578e/secrets/RESEND_API_KEY/versions/latest {"name":"projects/980239353589/secrets/RESEND_API_KEY/versions/2","createTime":"2026-05-03T06:23:47.519046Z","state":"ENABLED","replicationStatus":{"automatic":{}},"etag":"\"1650e3db500e46\""}
[debug] [2026-10-10T07:28:16.779Z] Checked if tokens are valid: true, expires at: 1791620089429
[debug] [2026-10-10T07:28:16.779Z] Checked if tokens are valid: true, expires at: 1791620089429
[debug] [2026-10-10T07:28:16.779Z] >>> [apiv2][query] GET https://secretmanager.googleapis.com/v1/projects/portfolio-2578e/secrets/RESEND_WEBHOOK_SECRET [none]
[debug] [2026-10-10T07:28:16.898Z] <<< [apiv2][status] GET https://secretmanager.googleapis.com/v1/projects/portfolio-2578e/secrets/RESEND_WEBHOOK_SECRET 200
[debug] [2026-10-10T07:28:16.898Z] <<< [apiv2][body] GET https://secretmanager.googleapis.com/v1/projects/portfolio-2578e/secrets/RESEND_WEBHOOK_SECRET {"name":"projects/980239353589/secrets/RESEND_WEBHOOK_SECRET","replication":{"automatic":{}},"createTime":"2026-08-11T08:01:42.481567Z","labels":{"firebase-managed":"functions"},"etag":"\"1658c0e1a37c8b\""}
[debug] [2026-10-10T07:28:16.899Z] Checked if tokens are valid: true, expires at: 1791620089429
[debug] [2026-10-10T07:28:16.899Z] Checked if tokens are valid: true, expires at: 1791620089429
[debug] [2026-10-10T07:28:16.899Z] >>> [apiv2][query] GET https://secretmanager.googleapis.com/v1/projects/portfolio-2578e/secrets/RESEND_WEBHOOK_SECRET/versions/latest [none]
[debug] [2026-10-10T07:28:17.011Z] <<< [apiv2][status] GET https://secretmanager.googleapis.com/v1/projects/portfolio-2578e/secrets/RESEND_WEBHOOK_SECRET/versions/latest 200
[debug] [2026-10-10T07:28:17.011Z] <<< [apiv2][body] GET https://secretmanager.googleapis.com/v1/projects/portfolio-2578e/secrets/RESEND_WEBHOOK_SECRET/versions/latest {"name":"projects/980239353589/secrets/RESEND_WEBHOOK_SECRET/versions/1","createTime":"2026-08-11T08:08:53.915559Z","state":"ENABLED","replicationStatus":{"automatic":{}},"etag":"\"1658c0fb5587a7\""}
[debug] [2026-10-10T07:28:17.011Z] Checked if tokens are valid: true, expires at: 1791620089429
[debug] [2026-10-10T07:28:17.011Z] Checked if tokens are valid: true, expires at: 1791620089429
[debug] [2026-10-10T07:28:17.011Z] >>> [apiv2][query] GET https://secretmanager.googleapis.com/v1/projects/portfolio-2578e/secrets/RESEND_OUTBOUND_WEBHOOK_SECRET [none]
[debug] [2026-10-10T07:28:17.121Z] <<< [apiv2][status] GET https://secretmanager.googleapis.com/v1/projects/portfolio-2578e/secrets/RESEND_OUTBOUND_WEBHOOK_SECRET 200
[debug] [2026-10-10T07:28:17.121Z] <<< [apiv2][body] GET https://secretmanager.googleapis.com/v1/projects/portfolio-2578e/secrets/RESEND_OUTBOUND_WEBHOOK_SECRET {"name":"projects/980239353589/secrets/RESEND_OUTBOUND_WEBHOOK_SECRET","replication":{"automatic":{}},"createTime":"2026-08-11T08:09:01.716284Z","labels":{"firebase-managed":"functions"},"etag":"\"1658c0fbd1917e\""}
[debug] [2026-10-10T07:28:17.121Z] Checked if tokens are valid: true, expires at: 1791620089429
[debug] [2026-10-10T07:28:17.121Z] Checked if tokens are valid: true, expires at: 1791620089429
[debug] [2026-10-10T07:28:17.121Z] >>> [apiv2][query] GET https://secretmanager.googleapis.com/v1/projects/portfolio-2578e/secrets/RESEND_OUTBOUND_WEBHOOK_SECRET/versions/latest [none]
[debug] [2026-10-10T07:28:17.232Z] <<< [apiv2][status] GET https://secretmanager.googleapis.com/v1/projects/portfolio-2578e/secrets/RESEND_OUTBOUND_WEBHOOK_SECRET/versions/latest 200
[debug] [2026-10-10T07:28:17.232Z] <<< [apiv2][body] GET https://secretmanager.googleapis.com/v1/projects/portfolio-2578e/secrets/RESEND_OUTBOUND_WEBHOOK_SECRET/versions/latest {"name":"projects/980239353589/secrets/RESEND_OUTBOUND_WEBHOOK_SECRET/versions/1","createTime":"2026-08-11T08:09:14.159979Z","state":"ENABLED","replicationStatus":{"automatic":{}},"etag":"\"1658c0fc8a6f6b\""}
[info] i  functions: preparing functions directory for uploading... 
[info] i  functions: packaged /Users/ruben/Dev/Apps/Portfolio/functions (55.56 KB) for uploading 
[debug] [2026-10-10T07:28:17.282Z] Checked if tokens are valid: true, expires at: 1791620089429
[debug] [2026-10-10T07:28:17.282Z] Checked if tokens are valid: true, expires at: 1791620089429
[debug] [2026-10-10T07:28:17.282Z] >>> [apiv2][query] GET https://cloudfunctions.googleapis.com/v1/projects/portfolio-2578e/locations/-/functions [none]
[debug] [2026-10-10T07:28:17.876Z] <<< [apiv2][status] GET https://cloudfunctions.googleapis.com/v1/projects/portfolio-2578e/locations/-/functions 200
[debug] [2026-10-10T07:28:17.876Z] <<< [apiv2][body] GET https://cloudfunctions.googleapis.com/v1/projects/portfolio-2578e/locations/-/functions {}
[debug] [2026-10-10T07:28:17.876Z] Checked if tokens are valid: true, expires at: 1791620089429
[debug] [2026-10-10T07:28:17.876Z] Checked if tokens are valid: true, expires at: 1791620089429
[debug] [2026-10-10T07:28:17.876Z] >>> [apiv2][query] GET https://cloudfunctions.googleapis.com/v2/projects/portfolio-2578e/locations/-/functions filter=environment%3D%22GEN_2%22
[debug] [2026-10-10T07:28:18.562Z] <<< [apiv2][status] GET https://cloudfunctions.googleapis.com/v2/projects/portfolio-2578e/locations/-/functions 200
[debug] [2026-10-10T07:28:18.562Z] <<< [apiv2][body] GET https://cloudfunctions.googleapis.com/v2/projects/portfolio-2578e/locations/-/functions {"functions":[{"name":"projects/portfolio-2578e/locations/us-central1/functions/resendOutboundWebhook","buildConfig":{"build":"projects/980239353589/locations/us-central1/builds/8f028caf-49ac-4def-b286-34154def7f7c","runtime":"nodejs20","entryPoint":"resendOutboundWebhook","source":{"storageSource":{"bucket":"gcf-v2-sources-980239353589-us-central1","object":"resendOutboundWebhook/function-source.zip","generation":"1791617237332832"}},"environmentVariables":{"GOOGLE_NODE_RUN_SCRIPTS":""},"dockerRepository":"projects/portfolio-2578e/locations/us-central1/repositories/gcf-artifacts","sourceProvenance":{"resolvedStorageSource":{"bucket":"gcf-v2-sources-980239353589-us-central1","object":"resendOutboundWebhook/function-source.zip","generation":"1791617237332832"}},"dockerRegistry":"ARTIFACT_REGISTRY","serviceAccount":"projects/portfolio-2578e/serviceAccounts/980239353589-compute@developer.gserviceaccount.com","automaticUpdatePolicy":{}},"serviceConfig":{"service":"projects/portfolio-2578e/locations/us-central1/services/resendoutboundwebhook","timeoutSeconds":60,"environmentVariables":{"RESEND_FROM":"CodeWithRuben <noreply@rubenjimenez.dev>","NOTIFY_TO_EMAIL":"ruben.jim.co@gmail.com","FIREBASE_CONFIG":"{\"projectId\":\"portfolio-2578e\",\"databaseURL\":\"https://portfolio-2578e-default-rtdb.firebaseio.com\",\"storageBucket\":\"portfolio-2578e.firebasestorage.app\"}","GCLOUD_PROJECT":"portfolio-2578e","EVENTARC_CLOUD_EVENT_SOURCE":"projects/portfolio-2578e/locations/us-central1/services/resendOutboundWebhook","FUNCTION_TARGET":"resendOutboundWebhook","LOG_EXECUTION_ID":"true","FUNCTION_SIGNATURE_TYPE":"http"},"maxInstanceCount":20,"ingressSettings":"ALLOW_ALL","uri":"https://resendoutboundwebhook-znfxpa2cza-uc.a.run.app","serviceAccountEmail":"980239353589-compute@developer.gserviceaccount.com","availableMemory":"256Mi","allTrafficOnLatestRevision":true,"secretEnvironmentVariables":[{"key":"RESEND_OUTBOUND_WEBHOOK_SECRET","projectId":"portfolio-2578e","secret":"RESEND_OUTBOUND_WEBHOOK_SECRET","version":"1"},{"key":"RESEND_API_KEY","projectId":"portfolio-2578e","secret":"RESEND_API_KEY","version":"2"}],"revision":"resendoutboundwebhook-00006-fen","maxInstanceRequestConcurrency":80,"availableCpu":"1"},"state":"ACTIVE","updateTime":"2026-10-10T07:27:26.841240154Z","labels":{"deployment-tool":"cli-firebase","firebase-functions-hash":"61f869370521f1cc24b6375f566468c5bdbab4a9"},"environment":"GEN_2","url":"https://us-central1-portfolio-2578e.cloudfunctions.net/resendOutboundWebhook","createTime":"2026-08-11T08:13:22.907509640Z","satisfiesPzi":true},{"name":"projects/portfolio-2578e/locations/us-central1/functions/resendInboundWebhook","buildConfig":{"build":"projects/980239353589/locations/us-central1/builds/8f028caf-49ac-4def-b286-34154def7f7c","runtime":"nodejs20","entryPoint":"resendInboundWebhook","source":{"storageSource":{"bucket":"gcf-v2-sources-980239353589-us-central1","object":"resendInboundWebhook/function-source.zip","generation":"1791617237260875"}},"environmentVariables":{"GOOGLE_NODE_RUN_SCRIPTS":""},"dockerRepository":"projects/portfolio-2578e/locations/us-central1/repositories/gcf-artifacts","sourceProvenance":{"resolvedStorageSource":{"bucket":"gcf-v2-sources-980239353589-us-central1","object":"resendInboundWebhook/function-source.zip","generation":"1791617237260875"}},"dockerRegistry":"ARTIFACT_REGISTRY","serviceAccount":"projects/portfolio-2578e/serviceAccounts/980239353589-compute@developer.gserviceaccount.com","automaticUpdatePolicy":{}},"serviceConfig":{"service":"projects/portfolio-2578e/locations/us-central1/services/resendinboundwebhook","timeoutSeconds":60,"environmentVariables":{"RESEND_FROM":"CodeWithRuben <noreply@rubenjimenez.dev>","NOTIFY_TO_EMAIL":"ruben.jim.co@gmail.com","FIREBASE_CONFIG":"{\"projectId\":\"portfolio-2578e\",\"databaseURL\":\"https://portfolio-2578e-default-rtdb.firebaseio.com\",\"storageBucket\":\"portfolio-2578e.firebasestorage.app\"}","GCLOUD_PROJECT":"portfolio-2578e","EVENTARC_CLOUD_EVENT_SOURCE":"projects/portfolio-2578e/locations/us-central1/services/resendInboundWebhook","FUNCTION_TARGET":"resendInboundWebhook","LOG_EXECUTION_ID":"true","FUNCTION_SIGNATURE_TYPE":"http"},"maxInstanceCount":20,"ingressSettings":"ALLOW_ALL","uri":"https://resendinboundwebhook-znfxpa2cza-uc.a.run.app","serviceAccountEmail":"980239353589-compute@developer.gserviceaccount.com","availableMemory":"256Mi","allTrafficOnLatestRevision":true,"secretEnvironmentVariables":[{"key":"RESEND_API_KEY","projectId":"portfolio-2578e","secret":"RESEND_API_KEY","version":"2"},{"key":"RESEND_WEBHOOK_SECRET","projectId":"portfolio-2578e","secret":"RESEND_WEBHOOK_SECRET","version":"1"}],"revision":"resendinboundwebhook-00007-quc","maxInstanceRequestConcurrency":80,"availableCpu":"1"},"state":"ACTIVE","updateTime":"2026-10-10T07:27:25.513572316Z","labels":{"deployment-tool":"cli-firebase","firebase-functions-hash":"a5069b2915bbdf4bd818abce8df6b67695a0568c"},"environment":"GEN_2","url":"https://us-central1-portfolio-2578e.cloudfunctions.net/resendInboundWebhook","createTime":"2026-08-11T08:12:02.968017229Z","satisfiesPzi":true},{"name":"projects/portfolio-2578e/locations/us-central1/functions/sendPortfolioEmail","buildConfig":{"build":"projects/980239353589/locations/us-central1/builds/8f028caf-49ac-4def-b286-34154def7f7c","runtime":"nodejs20","entryPoint":"sendPortfolioEmail","source":{"storageSource":{"bucket":"gcf-v2-sources-980239353589-us-central1","object":"sendPortfolioEmail/function-source.zip","generation":"1791617187903454"}},"environmentVariables":{"GOOGLE_NODE_RUN_SCRIPTS":""},"dockerRepository":"projects/portfolio-2578e/locations/us-central1/repositories/gcf-artifacts","sourceProvenance":{"resolvedStorageSource":{"bucket":"gcf-v2-sources-980239353589-us-central1","object":"sendPortfolioEmail/function-source.zip","generation":"1791617187903454"}},"dockerRegistry":"ARTIFACT_REGISTRY","serviceAccount":"projects/portfolio-2578e/serviceAccounts/980239353589-compute@developer.gserviceaccount.com","automaticUpdatePolicy":{}},"serviceConfig":{"service":"projects/portfolio-2578e/locations/us-central1/services/sendportfolioemail","timeoutSeconds":30,"environmentVariables":{"RESEND_FROM":"CodeWithRuben <noreply@rubenjimenez.dev>","NOTIFY_TO_EMAIL":"ruben.jim.co@gmail.com","FIREBASE_CONFIG":"{\"projectId\":\"portfolio-2578e\",\"databaseURL\":\"https://portfolio-2578e-default-rtdb.firebaseio.com\",\"storageBucket\":\"portfolio-2578e.firebasestorage.app\"}","GCLOUD_PROJECT":"portfolio-2578e","EVENTARC_CLOUD_EVENT_SOURCE":"projects/portfolio-2578e/locations/us-central1/services/sendPortfolioEmail","FUNCTION_TARGET":"sendPortfolioEmail","LOG_EXECUTION_ID":"true"},"maxInstanceCount":20,"ingressSettings":"ALLOW_ALL","uri":"https://sendportfolioemail-znfxpa2cza-uc.a.run.app","serviceAccountEmail":"980239353589-compute@developer.gserviceaccount.com","availableMemory":"256Mi","allTrafficOnLatestRevision":true,"secretEnvironmentVariables":[{"key":"RESEND_API_KEY","projectId":"portfolio-2578e","secret":"RESEND_API_KEY","version":"2"}],"revision":"sendportfolioemail-00031-wiy","maxInstanceRequestConcurrency":80,"availableCpu":"1"},"state":"ACTIVE","updateTime":"2026-10-10T07:27:17.753030117Z","labels":{"deployment-tool":"cli-firebase","firebase-functions-hash":"a0843193087c6b5242600431c48ab498a587e443"},"environment":"GEN_2","url":"https://us-central1-portfolio-2578e.cloudfunctions.net/sendPortfolioEmail","createTime":"2026-05-03T06:29:17.080222822Z","satisfiesPzi":true}]}
[info] i  functions: ensuring required API run.googleapis.com is enabled... 
[info] i  functions: ensuring required API eventarc.googleapis.com is enabled... 
[info] i  functions: ensuring required API pubsub.googleapis.com is enabled... 
[info] i  functions: ensuring required API storage.googleapis.com is enabled... 
[info] i  functions: generating the service identity for pubsub.googleapis.com... 
[debug] [2026-10-10T07:28:18.566Z] Checked if tokens are valid: true, expires at: 1791620089429
[debug] [2026-10-10T07:28:18.566Z] Checked if tokens are valid: true, expires at: 1791620089429
[info] i  functions: generating the service identity for eventarc.googleapis.com... 
[debug] [2026-10-10T07:28:18.566Z] Checked if tokens are valid: true, expires at: 1791620089429
[debug] [2026-10-10T07:28:18.566Z] Checked if tokens are valid: true, expires at: 1791620089429
[debug] [2026-10-10T07:28:18.566Z] >>> [apiv2][query] POST https://serviceusage.googleapis.com/v1beta1/projects/980239353589/services/pubsub.googleapis.com:generateServiceIdentity [none]
[debug] [2026-10-10T07:28:18.566Z] >>> [apiv2][(partial)header] POST https://serviceusage.googleapis.com/v1beta1/projects/980239353589/services/pubsub.googleapis.com:generateServiceIdentity  x-goog-user-project=980239353589
[debug] [2026-10-10T07:28:18.566Z] >>> [apiv2][body] POST https://serviceusage.googleapis.com/v1beta1/projects/980239353589/services/pubsub.googleapis.com:generateServiceIdentity {}
[debug] [2026-10-10T07:28:18.567Z] >>> [apiv2][query] POST https://serviceusage.googleapis.com/v1beta1/projects/980239353589/services/eventarc.googleapis.com:generateServiceIdentity [none]
[debug] [2026-10-10T07:28:18.567Z] >>> [apiv2][(partial)header] POST https://serviceusage.googleapis.com/v1beta1/projects/980239353589/services/eventarc.googleapis.com:generateServiceIdentity  x-goog-user-project=980239353589
[debug] [2026-10-10T07:28:18.567Z] >>> [apiv2][body] POST https://serviceusage.googleapis.com/v1beta1/projects/980239353589/services/eventarc.googleapis.com:generateServiceIdentity {}
[debug] [2026-10-10T07:28:18.930Z] <<< [apiv2][status] POST https://serviceusage.googleapis.com/v1beta1/projects/980239353589/services/pubsub.googleapis.com:generateServiceIdentity 200
[debug] [2026-10-10T07:28:18.930Z] <<< [apiv2][body] POST https://serviceusage.googleapis.com/v1beta1/projects/980239353589/services/pubsub.googleapis.com:generateServiceIdentity {"name":"operations/finished.DONE_OPERATION","done":true,"response":{"@type":"type.googleapis.com/google.api.serviceusage.v1beta1.ServiceIdentity","email":"service-980239353589@gcp-sa-pubsub.iam.gserviceaccount.com","uniqueId":"112631951876549393548"}}
[debug] [2026-10-10T07:28:19.122Z] <<< [apiv2][status] POST https://serviceusage.googleapis.com/v1beta1/projects/980239353589/services/eventarc.googleapis.com:generateServiceIdentity 200
[debug] [2026-10-10T07:28:19.122Z] <<< [apiv2][body] POST https://serviceusage.googleapis.com/v1beta1/projects/980239353589/services/eventarc.googleapis.com:generateServiceIdentity {"name":"operations/finished.DONE_OPERATION","done":true,"response":{"@type":"type.googleapis.com/google.api.serviceusage.v1beta1.ServiceIdentity","email":"service-980239353589@gcp-sa-eventarc.iam.gserviceaccount.com","uniqueId":"108826533488836205285"}}
[info] i  functions: ensuring required API secretmanager.googleapis.com is enabled... 
[debug] [2026-10-10T07:28:19.125Z] Checked if tokens are valid: true, expires at: 1791620089429
[debug] [2026-10-10T07:28:19.126Z] Checked if tokens are valid: true, expires at: 1791620089429
[debug] [2026-10-10T07:28:19.126Z] Checked if tokens are valid: true, expires at: 1791620089429
[debug] [2026-10-10T07:28:19.126Z] Checked if tokens are valid: true, expires at: 1791620089429
[debug] [2026-10-10T07:28:19.126Z] Checked if tokens are valid: true, expires at: 1791620089429
[debug] [2026-10-10T07:28:19.126Z] Checked if tokens are valid: true, expires at: 1791620089429
[debug] [2026-10-10T07:28:19.126Z] >>> [apiv2][query] GET https://secretmanager.googleapis.com/v1/projects/portfolio-2578e/secrets/RESEND_API_KEY/versions/latest [none]
[debug] [2026-10-10T07:28:19.126Z] >>> [apiv2][query] GET https://secretmanager.googleapis.com/v1/projects/portfolio-2578e/secrets/RESEND_WEBHOOK_SECRET/versions/latest [none]
[debug] [2026-10-10T07:28:19.129Z] >>> [apiv2][query] GET https://secretmanager.googleapis.com/v1/projects/portfolio-2578e/secrets/RESEND_OUTBOUND_WEBHOOK_SECRET/versions/latest [none]
[debug] [2026-10-10T07:28:19.240Z] <<< [apiv2][status] GET https://secretmanager.googleapis.com/v1/projects/portfolio-2578e/secrets/RESEND_API_KEY/versions/latest 200
[debug] [2026-10-10T07:28:19.241Z] <<< [apiv2][body] GET https://secretmanager.googleapis.com/v1/projects/portfolio-2578e/secrets/RESEND_API_KEY/versions/latest {"name":"projects/980239353589/secrets/RESEND_API_KEY/versions/2","createTime":"2026-05-03T06:23:47.519046Z","state":"ENABLED","replicationStatus":{"automatic":{}},"etag":"\"1650e3db500e46\""}
[debug] [2026-10-10T07:28:19.241Z] Resolved secret version of RESEND_API_KEY to 2.
[debug] [2026-10-10T07:28:19.333Z] <<< [apiv2][status] GET https://secretmanager.googleapis.com/v1/projects/portfolio-2578e/secrets/RESEND_OUTBOUND_WEBHOOK_SECRET/versions/latest 200
[debug] [2026-10-10T07:28:19.333Z] <<< [apiv2][body] GET https://secretmanager.googleapis.com/v1/projects/portfolio-2578e/secrets/RESEND_OUTBOUND_WEBHOOK_SECRET/versions/latest {"name":"projects/980239353589/secrets/RESEND_OUTBOUND_WEBHOOK_SECRET/versions/1","createTime":"2026-08-11T08:09:14.159979Z","state":"ENABLED","replicationStatus":{"automatic":{}},"etag":"\"1658c0fc8a6f6b\""}
[debug] [2026-10-10T07:28:19.333Z] Resolved secret version of RESEND_OUTBOUND_WEBHOOK_SECRET to 1.
[debug] [2026-10-10T07:28:19.338Z] <<< [apiv2][status] GET https://secretmanager.googleapis.com/v1/projects/portfolio-2578e/secrets/RESEND_WEBHOOK_SECRET/versions/latest 200
[debug] [2026-10-10T07:28:19.338Z] <<< [apiv2][body] GET https://secretmanager.googleapis.com/v1/projects/portfolio-2578e/secrets/RESEND_WEBHOOK_SECRET/versions/latest {"name":"projects/980239353589/secrets/RESEND_WEBHOOK_SECRET/versions/1","createTime":"2026-08-11T08:08:53.915559Z","state":"ENABLED","replicationStatus":{"automatic":{}},"etag":"\"1658c0fb5587a7\""}
[debug] [2026-10-10T07:28:19.338Z] Resolved secret version of RESEND_WEBHOOK_SECRET to 1.
[debug] [2026-10-10T07:28:19.339Z] Checked if tokens are valid: true, expires at: 1791620089429
[debug] [2026-10-10T07:28:19.339Z] Checked if tokens are valid: true, expires at: 1791620089429
[debug] [2026-10-10T07:28:19.339Z] >>> [apiv2][query] GET https://compute.googleapis.com/compute/v1/projects/980239353589 [none]
[debug] [2026-10-10T07:28:19.576Z] <<< [apiv2][status] GET https://compute.googleapis.com/compute/v1/projects/980239353589 403
[debug] [2026-10-10T07:28:19.576Z] <<< [apiv2][body] GET https://compute.googleapis.com/compute/v1/projects/980239353589 {"error":{"code":403,"message":"Compute Engine API has not been used in project 980239353589 before or it is disabled. Enable it by visiting https://console.developers.google.com/apis/api/compute.googleapis.com/overview?project=980239353589 then retry. If you enabled this API recently, wait a few minutes for the action to propagate to our systems and retry.","errors":[{"message":"Compute Engine API has not been used in project 980239353589 before or it is disabled. Enable it by visiting https://console.developers.google.com/apis/api/compute.googleapis.com/overview?project=980239353589 then retry. If you enabled this API recently, wait a few minutes for the action to propagate to our systems and retry.","domain":"usageLimits","reason":"accessNotConfigured","extendedHelp":"https://console.developers.google.com"}],"status":"PERMISSION_DENIED","details":[{"@type":"type.googleapis.com/google.rpc.ErrorInfo","reason":"SERVICE_DISABLED","domain":"googleapis.com","metadata":{"service":"compute.googleapis.com","activationUrl":"https://console.developers.google.com/apis/api/compute.googleapis.com/overview?project=980239353589","containerInfo":"980239353589","consumer":"projects/980239353589","serviceTitle":"Compute Engine API"}},{"@type":"type.googleapis.com/google.rpc.LocalizedMessage","locale":"en-US","message":"Compute Engine API has not been used in project 980239353589 before or it is disabled. Enable it by visiting https://console.developers.google.com/apis/api/compute.googleapis.com/overview?project=980239353589 then retry. If you enabled this API recently, wait a few minutes for the action to propagate to our systems and retry."},{"@type":"type.googleapis.com/google.rpc.Help","links":[{"description":"Google developers console API activation","url":"https://console.developers.google.com/apis/api/compute.googleapis.com/overview?project=980239353589"}]}]}}
[debug] [2026-10-10T07:28:19.577Z] unable to look up default compute service account. Falling back to 980239353589-compute@developer.gserviceaccount.com. Error: {"name":"FirebaseError","children":[],"context":{"body":{"error":{"code":403,"message":"Compute Engine API has not been used in project 980239353589 before or it is disabled. Enable it by visiting https://console.developers.google.com/apis/api/compute.googleapis.com/overview?project=980239353589 then retry. If you enabled this API recently, wait a few minutes for the action to propagate to our systems and retry.","errors":[{"message":"Compute Engine API has not been used in project 980239353589 before or it is disabled. Enable it by visiting https://console.developers.google.com/apis/api/compute.googleapis.com/overview?project=980239353589 then retry. If you enabled this API recently, wait a few minutes for the action to propagate to our systems and retry.","domain":"usageLimits","reason":"accessNotConfigured","extendedHelp":"https://console.developers.google.com"}],"status":"PERMISSION_DENIED","details":[{"@type":"type.googleapis.com/google.rpc.ErrorInfo","reason":"SERVICE_DISABLED","domain":"googleapis.com","metadata":{"service":"compute.googleapis.com","activationUrl":"https://console.developers.google.com/apis/api/compute.googleapis.com/overview?project=980239353589","containerInfo":"980239353589","consumer":"projects/980239353589","serviceTitle":"Compute Engine API"}},{"@type":"type.googleapis.com/google.rpc.LocalizedMessage","locale":"en-US","message":"Compute Engine API has not been used in project 980239353589 before or it is disabled. Enable it by visiting https://console.developers.google.com/apis/api/compute.googleapis.com/overview?project=980239353589 then retry. If you enabled this API recently, wait a few minutes for the action to propagate to our systems and retry."},{"@type":"type.googleapis.com/google.rpc.Help","links":[{"description":"Google developers console API activation","url":"https://console.developers.google.com/apis/api/compute.googleapis.com/overview?project=980239353589"}]}]}},"response":{"statusCode":403}},"exit":1,"message":"Request to https://compute.googleapis.com/compute/v1/projects/980239353589 had HTTP Error: 403, Compute Engine API has not been used in project 980239353589 before or it is disabled. Enable it by visiting https://console.developers.google.com/apis/api/compute.googleapis.com/overview?project=980239353589 then retry. If you enabled this API recently, wait a few minutes for the action to propagate to our systems and retry.","status":403}
[debug] [2026-10-10T07:28:19.577Z] Checked if tokens are valid: true, expires at: 1791620089429
[debug] [2026-10-10T07:28:19.577Z] Checked if tokens are valid: true, expires at: 1791620089429
[debug] [2026-10-10T07:28:19.577Z] >>> [apiv2][query] POST https://cloudresourcemanager.googleapis.com/v1/projects/980239353589:getIamPolicy [none]
[debug] [2026-10-10T07:28:19.740Z] <<< [apiv2][status] POST https://cloudresourcemanager.googleapis.com/v1/projects/980239353589:getIamPolicy 200
[debug] [2026-10-10T07:28:19.740Z] <<< [apiv2][body] POST https://cloudresourcemanager.googleapis.com/v1/projects/980239353589:getIamPolicy {"version":1,"etag":"BwZdd2IsASY=","bindings":[{"role":"roles/artifactregistry.serviceAgent","members":["serviceAccount:service-980239353589@gcp-sa-artifactregistry.iam.gserviceaccount.com"]},{"role":"roles/cloudbuild.builds.builder","members":["serviceAccount:980239353589@cloudbuild.gserviceaccount.com"]},{"role":"roles/cloudbuild.serviceAgent","members":["serviceAccount:service-980239353589@gcp-sa-cloudbuild.iam.gserviceaccount.com"]},{"role":"roles/cloudfunctions.serviceAgent","members":["serviceAccount:service-980239353589@gcf-admin-robot.iam.gserviceaccount.com"]},{"role":"roles/containerregistry.ServiceAgent","members":["serviceAccount:service-980239353589@containerregistry.iam.gserviceaccount.com"]},{"role":"roles/editor","members":["serviceAccount:980239353589-compute@developer.gserviceaccount.com","serviceAccount:980239353589@cloudservices.gserviceaccount.com","serviceAccount:portfolio-2578e@appspot.gserviceaccount.com"]},{"role":"roles/eventarc.eventReceiver","members":["serviceAccount:980239353589-compute@developer.gserviceaccount.com"]},{"role":"roles/eventarc.serviceAgent","members":["serviceAccount:service-980239353589@gcp-sa-eventarc.iam.gserviceaccount.com"]},{"role":"roles/firebase.managementServiceAgent","members":["serviceAccount:service-980239353589@gcp-sa-firebase.iam.gserviceaccount.com"]},{"role":"roles/firebase.sdkAdminServiceAgent","members":["serviceAccount:firebase-adminsdk-fbsvc@portfolio-2578e.iam.gserviceaccount.com"]},{"role":"roles/firebaseauth.admin","members":["serviceAccount:firebase-adminsdk-fbsvc@portfolio-2578e.iam.gserviceaccount.com"]},{"role":"roles/firebasedatabase.admin","members":["serviceAccount:firebase-adminsdk-fbsvc@portfolio-2578e.iam.gserviceaccount.com"]},{"role":"roles/firebasedatabase.serviceAgent","members":["serviceAccount:service-980239353589@gcp-sa-firebasedatabase.iam.gserviceaccount.com"]},{"role":"roles/firebasemods.serviceAgent","members":["serviceAccount:service-980239353589@gcp-sa-firebasemods.iam.gserviceaccount.com"]},{"role":"roles/firebaserules.system","members":["serviceAccount:service-980239353589@firebase-rules.iam.gserviceaccount.com"]},{"role":"roles/firebasestorage.serviceAgent","members":["serviceAccount:service-980239353589@gcp-sa-firebasestorage.iam.gserviceaccount.com"]},{"role":"roles/firestore.serviceAgent","members":["serviceAccount:service-980239353589@gcp-sa-firestore.iam.gserviceaccount.com"]},{"role":"roles/iam.serviceAccountTokenCreator","members":["serviceAccount:firebase-adminsdk-fbsvc@portfolio-2578e.iam.gserviceaccount.com","serviceAccount:service-980239353589@gcp-sa-pubsub.iam.gserviceaccount.com"]},{"role":"roles/owner","members":["user:ruben.jim.co@gmail.com"]},{"role":"roles/run.invoker","members":["serviceAccount:980239353589-compute@developer.gserviceaccount.com"]},{"role":"roles/run.serviceAgent","members":["serviceAccount:service-980239353589@serverless-robot-prod.iam.gserviceaccount.com"]},{"role":"roles/storage.admin","members":["serviceAccount:firebase-adminsdk-fbsvc@portfolio-2578e.iam.gserviceaccount.com"]}]}
[debug] [2026-10-10T07:28:19.749Z] Checked if tokens are valid: true, expires at: 1791620089429
[debug] [2026-10-10T07:28:19.750Z] Checked if tokens are valid: true, expires at: 1791620089429
[debug] [2026-10-10T07:28:19.752Z] >>> [apiv2][query] GET https://cloudresourcemanager.googleapis.com/v1/projects/portfolio-2578e [none]
[debug] [2026-10-10T07:28:19.870Z] <<< [apiv2][status] GET https://cloudresourcemanager.googleapis.com/v1/projects/portfolio-2578e 200
[debug] [2026-10-10T07:28:19.870Z] <<< [apiv2][body] GET https://cloudresourcemanager.googleapis.com/v1/projects/portfolio-2578e {"projectNumber":"980239353589","projectId":"portfolio-2578e","lifecycleState":"ACTIVE","name":"Portfolio","labels":{"firebase":"enabled","firebase-core":"disabled"},"createTime":"2025-09-27T06:29:23.731801Z"}
[debug] [2026-10-10T07:28:19.870Z] Checked if tokens are valid: true, expires at: 1791620089429
[debug] [2026-10-10T07:28:19.870Z] Checked if tokens are valid: true, expires at: 1791620089429
[debug] [2026-10-10T07:28:19.870Z] >>> [apiv2][query] GET https://compute.googleapis.com/compute/v1/projects/980239353589 [none]
[debug] [2026-10-10T07:28:19.990Z] <<< [apiv2][status] GET https://compute.googleapis.com/compute/v1/projects/980239353589 403
[debug] [2026-10-10T07:28:19.991Z] <<< [apiv2][body] GET https://compute.googleapis.com/compute/v1/projects/980239353589 {"error":{"code":403,"message":"Compute Engine API has not been used in project 980239353589 before or it is disabled. Enable it by visiting https://console.developers.google.com/apis/api/compute.googleapis.com/overview?project=980239353589 then retry. If you enabled this API recently, wait a few minutes for the action to propagate to our systems and retry.","errors":[{"message":"Compute Engine API has not been used in project 980239353589 before or it is disabled. Enable it by visiting https://console.developers.google.com/apis/api/compute.googleapis.com/overview?project=980239353589 then retry. If you enabled this API recently, wait a few minutes for the action to propagate to our systems and retry.","domain":"usageLimits","reason":"accessNotConfigured","extendedHelp":"https://console.developers.google.com"}],"status":"PERMISSION_DENIED","details":[{"@type":"type.googleapis.com/google.rpc.ErrorInfo","reason":"SERVICE_DISABLED","domain":"googleapis.com","metadata":{"activationUrl":"https://console.developers.google.com/apis/api/compute.googleapis.com/overview?project=980239353589","serviceTitle":"Compute Engine API","service":"compute.googleapis.com","consumer":"projects/980239353589","containerInfo":"980239353589"}},{"@type":"type.googleapis.com/google.rpc.LocalizedMessage","locale":"en-US","message":"Compute Engine API has not been used in project 980239353589 before or it is disabled. Enable it by visiting https://console.developers.google.com/apis/api/compute.googleapis.com/overview?project=980239353589 then retry. If you enabled this API recently, wait a few minutes for the action to propagate to our systems and retry."},{"@type":"type.googleapis.com/google.rpc.Help","links":[{"description":"Google developers console API activation","url":"https://console.developers.google.com/apis/api/compute.googleapis.com/overview?project=980239353589"}]}]}}
[debug] [2026-10-10T07:28:19.991Z] unable to look up default compute service account. Falling back to 980239353589-compute@developer.gserviceaccount.com. Error: {"name":"FirebaseError","children":[],"context":{"body":{"error":{"code":403,"message":"Compute Engine API has not been used in project 980239353589 before or it is disabled. Enable it by visiting https://console.developers.google.com/apis/api/compute.googleapis.com/overview?project=980239353589 then retry. If you enabled this API recently, wait a few minutes for the action to propagate to our systems and retry.","errors":[{"message":"Compute Engine API has not been used in project 980239353589 before or it is disabled. Enable it by visiting https://console.developers.google.com/apis/api/compute.googleapis.com/overview?project=980239353589 then retry. If you enabled this API recently, wait a few minutes for the action to propagate to our systems and retry.","domain":"usageLimits","reason":"accessNotConfigured","extendedHelp":"https://console.developers.google.com"}],"status":"PERMISSION_DENIED","details":[{"@type":"type.googleapis.com/google.rpc.ErrorInfo","reason":"SERVICE_DISABLED","domain":"googleapis.com","metadata":{"activationUrl":"https://console.developers.google.com/apis/api/compute.googleapis.com/overview?project=980239353589","serviceTitle":"Compute Engine API","service":"compute.googleapis.com","consumer":"projects/980239353589","containerInfo":"980239353589"}},{"@type":"type.googleapis.com/google.rpc.LocalizedMessage","locale":"en-US","message":"Compute Engine API has not been used in project 980239353589 before or it is disabled. Enable it by visiting https://console.developers.google.com/apis/api/compute.googleapis.com/overview?project=980239353589 then retry. If you enabled this API recently, wait a few minutes for the action to propagate to our systems and retry."},{"@type":"type.googleapis.com/google.rpc.Help","links":[{"description":"Google developers console API activation","url":"https://console.developers.google.com/apis/api/compute.googleapis.com/overview?project=980239353589"}]}]}},"response":{"statusCode":403}},"exit":1,"message":"Request to https://compute.googleapis.com/compute/v1/projects/980239353589 had HTTP Error: 403, Compute Engine API has not been used in project 980239353589 before or it is disabled. Enable it by visiting https://console.developers.google.com/apis/api/compute.googleapis.com/overview?project=980239353589 then retry. If you enabled this API recently, wait a few minutes for the action to propagate to our systems and retry.","status":403}
[debug] [2026-10-10T07:28:19.991Z] Checked if tokens are valid: true, expires at: 1791620089429
[debug] [2026-10-10T07:28:19.991Z] Checked if tokens are valid: true, expires at: 1791620089429
[debug] [2026-10-10T07:28:19.991Z] >>> [apiv2][query] GET https://compute.googleapis.com/compute/v1/projects/980239353589 [none]
[debug] [2026-10-10T07:28:20.124Z] <<< [apiv2][status] GET https://compute.googleapis.com/compute/v1/projects/980239353589 403
[debug] [2026-10-10T07:28:20.124Z] <<< [apiv2][body] GET https://compute.googleapis.com/compute/v1/projects/980239353589 {"error":{"code":403,"message":"Compute Engine API has not been used in project 980239353589 before or it is disabled. Enable it by visiting https://console.developers.google.com/apis/api/compute.googleapis.com/overview?project=980239353589 then retry. If you enabled this API recently, wait a few minutes for the action to propagate to our systems and retry.","errors":[{"message":"Compute Engine API has not been used in project 980239353589 before or it is disabled. Enable it by visiting https://console.developers.google.com/apis/api/compute.googleapis.com/overview?project=980239353589 then retry. If you enabled this API recently, wait a few minutes for the action to propagate to our systems and retry.","domain":"usageLimits","reason":"accessNotConfigured","extendedHelp":"https://console.developers.google.com"}],"status":"PERMISSION_DENIED","details":[{"@type":"type.googleapis.com/google.rpc.ErrorInfo","reason":"SERVICE_DISABLED","domain":"googleapis.com","metadata":{"serviceTitle":"Compute Engine API","containerInfo":"980239353589","activationUrl":"https://console.developers.google.com/apis/api/compute.googleapis.com/overview?project=980239353589","service":"compute.googleapis.com","consumer":"projects/980239353589"}},{"@type":"type.googleapis.com/google.rpc.LocalizedMessage","locale":"en-US","message":"Compute Engine API has not been used in project 980239353589 before or it is disabled. Enable it by visiting https://console.developers.google.com/apis/api/compute.googleapis.com/overview?project=980239353589 then retry. If you enabled this API recently, wait a few minutes for the action to propagate to our systems and retry."},{"@type":"type.googleapis.com/google.rpc.Help","links":[{"description":"Google developers console API activation","url":"https://console.developers.google.com/apis/api/compute.googleapis.com/overview?project=980239353589"}]}]}}
[debug] [2026-10-10T07:28:20.124Z] unable to look up default compute service account. Falling back to 980239353589-compute@developer.gserviceaccount.com. Error: {"name":"FirebaseError","children":[],"context":{"body":{"error":{"code":403,"message":"Compute Engine API has not been used in project 980239353589 before or it is disabled. Enable it by visiting https://console.developers.google.com/apis/api/compute.googleapis.com/overview?project=980239353589 then retry. If you enabled this API recently, wait a few minutes for the action to propagate to our systems and retry.","errors":[{"message":"Compute Engine API has not been used in project 980239353589 before or it is disabled. Enable it by visiting https://console.developers.google.com/apis/api/compute.googleapis.com/overview?project=980239353589 then retry. If you enabled this API recently, wait a few minutes for the action to propagate to our systems and retry.","domain":"usageLimits","reason":"accessNotConfigured","extendedHelp":"https://console.developers.google.com"}],"status":"PERMISSION_DENIED","details":[{"@type":"type.googleapis.com/google.rpc.ErrorInfo","reason":"SERVICE_DISABLED","domain":"googleapis.com","metadata":{"serviceTitle":"Compute Engine API","containerInfo":"980239353589","activationUrl":"https://console.developers.google.com/apis/api/compute.googleapis.com/overview?project=980239353589","service":"compute.googleapis.com","consumer":"projects/980239353589"}},{"@type":"type.googleapis.com/google.rpc.LocalizedMessage","locale":"en-US","message":"Compute Engine API has not been used in project 980239353589 before or it is disabled. Enable it by visiting https://console.developers.google.com/apis/api/compute.googleapis.com/overview?project=980239353589 then retry. If you enabled this API recently, wait a few minutes for the action to propagate to our systems and retry."},{"@type":"type.googleapis.com/google.rpc.Help","links":[{"description":"Google developers console API activation","url":"https://console.developers.google.com/apis/api/compute.googleapis.com/overview?project=980239353589"}]}]}},"response":{"statusCode":403}},"exit":1,"message":"Request to https://compute.googleapis.com/compute/v1/projects/980239353589 had HTTP Error: 403, Compute Engine API has not been used in project 980239353589 before or it is disabled. Enable it by visiting https://console.developers.google.com/apis/api/compute.googleapis.com/overview?project=980239353589 then retry. If you enabled this API recently, wait a few minutes for the action to propagate to our systems and retry.","status":403}
[debug] [2026-10-10T07:28:20.125Z] Checked if tokens are valid: true, expires at: 1791620089429
[debug] [2026-10-10T07:28:20.125Z] Checked if tokens are valid: true, expires at: 1791620089429
[debug] [2026-10-10T07:28:20.125Z] >>> [apiv2][query] GET https://compute.googleapis.com/compute/v1/projects/980239353589 [none]
[debug] [2026-10-10T07:28:20.276Z] <<< [apiv2][status] GET https://compute.googleapis.com/compute/v1/projects/980239353589 403
[debug] [2026-10-10T07:28:20.277Z] <<< [apiv2][body] GET https://compute.googleapis.com/compute/v1/projects/980239353589 {"error":{"code":403,"message":"Compute Engine API has not been used in project 980239353589 before or it is disabled. Enable it by visiting https://console.developers.google.com/apis/api/compute.googleapis.com/overview?project=980239353589 then retry. If you enabled this API recently, wait a few minutes for the action to propagate to our systems and retry.","errors":[{"message":"Compute Engine API has not been used in project 980239353589 before or it is disabled. Enable it by visiting https://console.developers.google.com/apis/api/compute.googleapis.com/overview?project=980239353589 then retry. If you enabled this API recently, wait a few minutes for the action to propagate to our systems and retry.","domain":"usageLimits","reason":"accessNotConfigured","extendedHelp":"https://console.developers.google.com"}],"status":"PERMISSION_DENIED","details":[{"@type":"type.googleapis.com/google.rpc.ErrorInfo","reason":"SERVICE_DISABLED","domain":"googleapis.com","metadata":{"consumer":"projects/980239353589","serviceTitle":"Compute Engine API","service":"compute.googleapis.com","containerInfo":"980239353589","activationUrl":"https://console.developers.google.com/apis/api/compute.googleapis.com/overview?project=980239353589"}},{"@type":"type.googleapis.com/google.rpc.LocalizedMessage","locale":"en-US","message":"Compute Engine API has not been used in project 980239353589 before or it is disabled. Enable it by visiting https://console.developers.google.com/apis/api/compute.googleapis.com/overview?project=980239353589 then retry. If you enabled this API recently, wait a few minutes for the action to propagate to our systems and retry."},{"@type":"type.googleapis.com/google.rpc.Help","links":[{"description":"Google developers console API activation","url":"https://console.developers.google.com/apis/api/compute.googleapis.com/overview?project=980239353589"}]}]}}
[debug] [2026-10-10T07:28:20.277Z] unable to look up default compute service account. Falling back to 980239353589-compute@developer.gserviceaccount.com. Error: {"name":"FirebaseError","children":[],"context":{"body":{"error":{"code":403,"message":"Compute Engine API has not been used in project 980239353589 before or it is disabled. Enable it by visiting https://console.developers.google.com/apis/api/compute.googleapis.com/overview?project=980239353589 then retry. If you enabled this API recently, wait a few minutes for the action to propagate to our systems and retry.","errors":[{"message":"Compute Engine API has not been used in project 980239353589 before or it is disabled. Enable it by visiting https://console.developers.google.com/apis/api/compute.googleapis.com/overview?project=980239353589 then retry. If you enabled this API recently, wait a few minutes for the action to propagate to our systems and retry.","domain":"usageLimits","reason":"accessNotConfigured","extendedHelp":"https://console.developers.google.com"}],"status":"PERMISSION_DENIED","details":[{"@type":"type.googleapis.com/google.rpc.ErrorInfo","reason":"SERVICE_DISABLED","domain":"googleapis.com","metadata":{"consumer":"projects/980239353589","serviceTitle":"Compute Engine API","service":"compute.googleapis.com","containerInfo":"980239353589","activationUrl":"https://console.developers.google.com/apis/api/compute.googleapis.com/overview?project=980239353589"}},{"@type":"type.googleapis.com/google.rpc.LocalizedMessage","locale":"en-US","message":"Compute Engine API has not been used in project 980239353589 before or it is disabled. Enable it by visiting https://console.developers.google.com/apis/api/compute.googleapis.com/overview?project=980239353589 then retry. If you enabled this API recently, wait a few minutes for the action to propagate to our systems and retry."},{"@type":"type.googleapis.com/google.rpc.Help","links":[{"description":"Google developers console API activation","url":"https://console.developers.google.com/apis/api/compute.googleapis.com/overview?project=980239353589"}]}]}},"response":{"statusCode":403}},"exit":1,"message":"Request to https://compute.googleapis.com/compute/v1/projects/980239353589 had HTTP Error: 403, Compute Engine API has not been used in project 980239353589 before or it is disabled. Enable it by visiting https://console.developers.google.com/apis/api/compute.googleapis.com/overview?project=980239353589 then retry. If you enabled this API recently, wait a few minutes for the action to propagate to our systems and retry.","status":403}
[debug] [2026-10-10T07:28:20.277Z] Checked if tokens are valid: true, expires at: 1791620089429
[debug] [2026-10-10T07:28:20.278Z] Checked if tokens are valid: true, expires at: 1791620089429
[debug] [2026-10-10T07:28:20.278Z] >>> [apiv2][query] GET https://compute.googleapis.com/compute/v1/projects/980239353589 [none]
[debug] [2026-10-10T07:28:20.399Z] <<< [apiv2][status] GET https://compute.googleapis.com/compute/v1/projects/980239353589 403
[debug] [2026-10-10T07:28:20.399Z] <<< [apiv2][body] GET https://compute.googleapis.com/compute/v1/projects/980239353589 {"error":{"code":403,"message":"Compute Engine API has not been used in project 980239353589 before or it is disabled. Enable it by visiting https://console.developers.google.com/apis/api/compute.googleapis.com/overview?project=980239353589 then retry. If you enabled this API recently, wait a few minutes for the action to propagate to our systems and retry.","errors":[{"message":"Compute Engine API has not been used in project 980239353589 before or it is disabled. Enable it by visiting https://console.developers.google.com/apis/api/compute.googleapis.com/overview?project=980239353589 then retry. If you enabled this API recently, wait a few minutes for the action to propagate to our systems and retry.","domain":"usageLimits","reason":"accessNotConfigured","extendedHelp":"https://console.developers.google.com"}],"status":"PERMISSION_DENIED","details":[{"@type":"type.googleapis.com/google.rpc.ErrorInfo","reason":"SERVICE_DISABLED","domain":"googleapis.com","metadata":{"service":"compute.googleapis.com","activationUrl":"https://console.developers.google.com/apis/api/compute.googleapis.com/overview?project=980239353589","containerInfo":"980239353589","serviceTitle":"Compute Engine API","consumer":"projects/980239353589"}},{"@type":"type.googleapis.com/google.rpc.LocalizedMessage","locale":"en-US","message":"Compute Engine API has not been used in project 980239353589 before or it is disabled. Enable it by visiting https://console.developers.google.com/apis/api/compute.googleapis.com/overview?project=980239353589 then retry. If you enabled this API recently, wait a few minutes for the action to propagate to our systems and retry."},{"@type":"type.googleapis.com/google.rpc.Help","links":[{"description":"Google developers console API activation","url":"https://console.developers.google.com/apis/api/compute.googleapis.com/overview?project=980239353589"}]}]}}
[debug] [2026-10-10T07:28:20.399Z] unable to look up default compute service account. Falling back to 980239353589-compute@developer.gserviceaccount.com. Error: {"name":"FirebaseError","children":[],"context":{"body":{"error":{"code":403,"message":"Compute Engine API has not been used in project 980239353589 before or it is disabled. Enable it by visiting https://console.developers.google.com/apis/api/compute.googleapis.com/overview?project=980239353589 then retry. If you enabled this API recently, wait a few minutes for the action to propagate to our systems and retry.","errors":[{"message":"Compute Engine API has not been used in project 980239353589 before or it is disabled. Enable it by visiting https://console.developers.google.com/apis/api/compute.googleapis.com/overview?project=980239353589 then retry. If you enabled this API recently, wait a few minutes for the action to propagate to our systems and retry.","domain":"usageLimits","reason":"accessNotConfigured","extendedHelp":"https://console.developers.google.com"}],"status":"PERMISSION_DENIED","details":[{"@type":"type.googleapis.com/google.rpc.ErrorInfo","reason":"SERVICE_DISABLED","domain":"googleapis.com","metadata":{"service":"compute.googleapis.com","activationUrl":"https://console.developers.google.com/apis/api/compute.googleapis.com/overview?project=980239353589","containerInfo":"980239353589","serviceTitle":"Compute Engine API","consumer":"projects/980239353589"}},{"@type":"type.googleapis.com/google.rpc.LocalizedMessage","locale":"en-US","message":"Compute Engine API has not been used in project 980239353589 before or it is disabled. Enable it by visiting https://console.developers.google.com/apis/api/compute.googleapis.com/overview?project=980239353589 then retry. If you enabled this API recently, wait a few minutes for the action to propagate to our systems and retry."},{"@type":"type.googleapis.com/google.rpc.Help","links":[{"description":"Google developers console API activation","url":"https://console.developers.google.com/apis/api/compute.googleapis.com/overview?project=980239353589"}]}]}},"response":{"statusCode":403}},"exit":1,"message":"Request to https://compute.googleapis.com/compute/v1/projects/980239353589 had HTTP Error: 403, Compute Engine API has not been used in project 980239353589 before or it is disabled. Enable it by visiting https://console.developers.google.com/apis/api/compute.googleapis.com/overview?project=980239353589 then retry. If you enabled this API recently, wait a few minutes for the action to propagate to our systems and retry.","status":403}
[debug] [2026-10-10T07:28:20.399Z] Checked if tokens are valid: true, expires at: 1791620089429
[debug] [2026-10-10T07:28:20.399Z] Checked if tokens are valid: true, expires at: 1791620089429
[debug] [2026-10-10T07:28:20.399Z] >>> [apiv2][query] GET https://compute.googleapis.com/compute/v1/projects/980239353589 [none]
[debug] [2026-10-10T07:28:20.529Z] <<< [apiv2][status] GET https://compute.googleapis.com/compute/v1/projects/980239353589 403
[debug] [2026-10-10T07:28:20.529Z] <<< [apiv2][body] GET https://compute.googleapis.com/compute/v1/projects/980239353589 {"error":{"code":403,"message":"Compute Engine API has not been used in project 980239353589 before or it is disabled. Enable it by visiting https://console.developers.google.com/apis/api/compute.googleapis.com/overview?project=980239353589 then retry. If you enabled this API recently, wait a few minutes for the action to propagate to our systems and retry.","errors":[{"message":"Compute Engine API has not been used in project 980239353589 before or it is disabled. Enable it by visiting https://console.developers.google.com/apis/api/compute.googleapis.com/overview?project=980239353589 then retry. If you enabled this API recently, wait a few minutes for the action to propagate to our systems and retry.","domain":"usageLimits","reason":"accessNotConfigured","extendedHelp":"https://console.developers.google.com"}],"status":"PERMISSION_DENIED","details":[{"@type":"type.googleapis.com/google.rpc.ErrorInfo","reason":"SERVICE_DISABLED","domain":"googleapis.com","metadata":{"activationUrl":"https://console.developers.google.com/apis/api/compute.googleapis.com/overview?project=980239353589","serviceTitle":"Compute Engine API","containerInfo":"980239353589","service":"compute.googleapis.com","consumer":"projects/980239353589"}},{"@type":"type.googleapis.com/google.rpc.LocalizedMessage","locale":"en-US","message":"Compute Engine API has not been used in project 980239353589 before or it is disabled. Enable it by visiting https://console.developers.google.com/apis/api/compute.googleapis.com/overview?project=980239353589 then retry. If you enabled this API recently, wait a few minutes for the action to propagate to our systems and retry."},{"@type":"type.googleapis.com/google.rpc.Help","links":[{"description":"Google developers console API activation","url":"https://console.developers.google.com/apis/api/compute.googleapis.com/overview?project=980239353589"}]}]}}
[debug] [2026-10-10T07:28:20.529Z] unable to look up default compute service account. Falling back to 980239353589-compute@developer.gserviceaccount.com. Error: {"name":"FirebaseError","children":[],"context":{"body":{"error":{"code":403,"message":"Compute Engine API has not been used in project 980239353589 before or it is disabled. Enable it by visiting https://console.developers.google.com/apis/api/compute.googleapis.com/overview?project=980239353589 then retry. If you enabled this API recently, wait a few minutes for the action to propagate to our systems and retry.","errors":[{"message":"Compute Engine API has not been used in project 980239353589 before or it is disabled. Enable it by visiting https://console.developers.google.com/apis/api/compute.googleapis.com/overview?project=980239353589 then retry. If you enabled this API recently, wait a few minutes for the action to propagate to our systems and retry.","domain":"usageLimits","reason":"accessNotConfigured","extendedHelp":"https://console.developers.google.com"}],"status":"PERMISSION_DENIED","details":[{"@type":"type.googleapis.com/google.rpc.ErrorInfo","reason":"SERVICE_DISABLED","domain":"googleapis.com","metadata":{"activationUrl":"https://console.developers.google.com/apis/api/compute.googleapis.com/overview?project=980239353589","serviceTitle":"Compute Engine API","containerInfo":"980239353589","service":"compute.googleapis.com","consumer":"projects/980239353589"}},{"@type":"type.googleapis.com/google.rpc.LocalizedMessage","locale":"en-US","message":"Compute Engine API has not been used in project 980239353589 before or it is disabled. Enable it by visiting https://console.developers.google.com/apis/api/compute.googleapis.com/overview?project=980239353589 then retry. If you enabled this API recently, wait a few minutes for the action to propagate to our systems and retry."},{"@type":"type.googleapis.com/google.rpc.Help","links":[{"description":"Google developers console API activation","url":"https://console.developers.google.com/apis/api/compute.googleapis.com/overview?project=980239353589"}]}]}},"response":{"statusCode":403}},"exit":1,"message":"Request to https://compute.googleapis.com/compute/v1/projects/980239353589 had HTTP Error: 403, Compute Engine API has not been used in project 980239353589 before or it is disabled. Enable it by visiting https://console.developers.google.com/apis/api/compute.googleapis.com/overview?project=980239353589 then retry. If you enabled this API recently, wait a few minutes for the action to propagate to our systems and retry.","status":403}
[debug] [2026-10-10T07:28:20.530Z] Checked if tokens are valid: true, expires at: 1791620089429
[debug] [2026-10-10T07:28:20.530Z] Checked if tokens are valid: true, expires at: 1791620089429
[debug] [2026-10-10T07:28:20.531Z] >>> [apiv2][query] GET https://cloudbilling.googleapis.com/v1/projects/portfolio-2578e/billingInfo [none]
[debug] [2026-10-10T07:28:20.944Z] <<< [apiv2][status] GET https://cloudbilling.googleapis.com/v1/projects/portfolio-2578e/billingInfo 200
[debug] [2026-10-10T07:28:20.944Z] <<< [apiv2][body] GET https://cloudbilling.googleapis.com/v1/projects/portfolio-2578e/billingInfo {"name":"projects/portfolio-2578e/billingInfo","projectId":"portfolio-2578e","billingAccountName":"billingAccounts/0110C4-DE5C96-559C6B","billingEnabled":true}
[debug] [2026-10-10T07:28:20.946Z] Checked if tokens are valid: true, expires at: 1791620089429
[debug] [2026-10-10T07:28:20.946Z] Checked if tokens are valid: true, expires at: 1791620089429
[debug] [2026-10-10T07:28:20.946Z] >>> [apiv2][query] POST https://cloudfunctions.googleapis.com/v2/projects/portfolio-2578e/locations/us-central1/functions:generateUploadUrl [none]
[debug] [2026-10-10T07:28:21.155Z] <<< [apiv2][status] POST https://cloudfunctions.googleapis.com/v2/projects/portfolio-2578e/locations/us-central1/functions:generateUploadUrl 200
[debug] [2026-10-10T07:28:21.155Z] <<< [apiv2][body] POST https://cloudfunctions.googleapis.com/v2/projects/portfolio-2578e/locations/us-central1/functions:generateUploadUrl {"uploadUrl":"https://storage.googleapis.com/gcf-v2-uploads-980239353589.us-central1.cloudfunctions.appspot.com/01802302-dec0-4445-b10a-16bf564f21dc.zip?GoogleAccessId=service-980239353589@gcf-admin-robot.iam.gserviceaccount.com&Expires=1791619101&Signature=L%2BbhJQ37mg9rc88oMpKHaeYfLuA229oY%2FQjqu95Yg2LYfxLvLZcRt4JuBh7AxSgY%2Fu44g01Se4gfcm%2FvVJBB1W1r8Gl30EU2qv4Gcv16heNcYnyw2ye73cGtR3zWsjLEyOnGGTvj8TGy2aM5Kw53aBDGN0c3zTCwbUMs%2B%2FrzmYHGUkhiHOAT5%2BRitFr9kZFQbfKZ6oySiL9H6plrfWL3LFopEjR6793xSDJwd6EdAzN5CGTFWevXMPLJ%2FtvBHrL39jGitfYNrnqQL8alHpeh9bWRqfXQa7dvX94XMyfpE1v8YrwERUYovfo13NJWtcQahZlKcAxc%2BQUUAlRETHv7QA%3D%3D","storageSource":{"bucket":"gcf-v2-uploads-980239353589.us-central1.cloudfunctions.appspot.com","object":"01802302-dec0-4445-b10a-16bf564f21dc.zip"}}
[debug] [2026-10-10T07:28:21.157Z] >>> [apiv2][query] PUT https://storage.googleapis.com/gcf-v2-uploads-980239353589.us-central1.cloudfunctions.appspot.com/01802302-dec0-4445-b10a-16bf564f21dc.zip GoogleAccessId=service-980239353589%40gcf-admin-robot.iam.gserviceaccount.com&Expires=1791619101&Signature=L%2BbhJQ37mg9rc88oMpKHaeYfLuA229oY%2FQjqu95Yg2LYfxLvLZcRt4JuBh7AxSgY%2Fu44g01Se4gfcm%2FvVJBB1W1r8Gl30EU2qv4Gcv16heNcYnyw2ye73cGtR3zWsjLEyOnGGTvj8TGy2aM5Kw53aBDGN0c3zTCwbUMs%2B%2FrzmYHGUkhiHOAT5%2BRitFr9kZFQbfKZ6oySiL9H6plrfWL3LFopEjR6793xSDJwd6EdAzN5CGTFWevXMPLJ%2FtvBHrL39jGitfYNrnqQL8alHpeh9bWRqfXQa7dvX94XMyfpE1v8YrwERUYovfo13NJWtcQahZlKcAxc%2BQUUAlRETHv7QA%3D%3D
[debug] [2026-10-10T07:28:21.157Z] >>> [apiv2][body] PUT https://storage.googleapis.com/gcf-v2-uploads-980239353589.us-central1.cloudfunctions.appspot.com/01802302-dec0-4445-b10a-16bf564f21dc.zip [stream]
[debug] [2026-10-10T07:28:21.500Z] <<< [apiv2][status] PUT https://storage.googleapis.com/gcf-v2-uploads-980239353589.us-central1.cloudfunctions.appspot.com/01802302-dec0-4445-b10a-16bf564f21dc.zip 200
[debug] [2026-10-10T07:28:21.500Z] <<< [apiv2][body] PUT https://storage.googleapis.com/gcf-v2-uploads-980239353589.us-central1.cloudfunctions.appspot.com/01802302-dec0-4445-b10a-16bf564f21dc.zip [omitted]
[info] ✔  functions: functions source uploaded successfully 
[info] i  functions: Skipping the deploy of unchanged functions. 
[info] i  functions: creating Node.js 20 (2nd Gen) function leadFromInquiry(us-central1)... 
[info] i  functions: creating Node.js 20 (2nd Gen) function leadFromBooking(us-central1)... 
[info] ✔  functions[sendPortfolioEmail(us-central1)] Skipped (No changes detected) 
[info] ✔  functions[resendInboundWebhook(us-central1)] Skipped (No changes detected) 
[info] ✔  functions[resendOutboundWebhook(us-central1)] Skipped (No changes detected) 
[debug] [2026-10-10T07:28:21.502Z] Checked if tokens are valid: true, expires at: 1791620089429
[debug] [2026-10-10T07:28:21.502Z] Checked if tokens are valid: true, expires at: 1791620089429
[debug] [2026-10-10T07:28:21.503Z] >>> [apiv2][query] POST https://cloudfunctions.googleapis.com/v2/projects/portfolio-2578e/locations/us-central1/functions functionId=leadFromInquiry
[debug] [2026-10-10T07:28:21.503Z] >>> [apiv2][body] POST https://cloudfunctions.googleapis.com/v2/projects/portfolio-2578e/locations/us-central1/functions {"name":"projects/portfolio-2578e/locations/us-central1/functions/leadFromInquiry","buildConfig":{"runtime":"nodejs20","entryPoint":"leadFromInquiry","source":{"storageSource":{"bucket":"gcf-v2-uploads-980239353589.us-central1.cloudfunctions.appspot.com","object":"01802302-dec0-4445-b10a-16bf564f21dc.zip"}},"environmentVariables":{"GOOGLE_NODE_RUN_SCRIPTS":""}},"serviceConfig":{"environmentVariables":{"RESEND_FROM":"CodeWithRuben <noreply@rubenjimenez.dev>","NOTIFY_TO_EMAIL":"ruben.jim.co@gmail.com","FIREBASE_CONFIG":"{\"projectId\":\"portfolio-2578e\",\"databaseURL\":\"https://portfolio-2578e-default-rtdb.firebaseio.com\",\"storageBucket\":\"portfolio-2578e.firebasestorage.app\"}","GCLOUD_PROJECT":"portfolio-2578e","EVENTARC_CLOUD_EVENT_SOURCE":"projects/portfolio-2578e/locations/us-central1/services/leadFromInquiry","FUNCTION_SIGNATURE_TYPE":"cloudevent","FUNCTION_TARGET":"leadFromInquiry","LOG_EXECUTION_ID":"true"},"ingressSettings":null,"timeoutSeconds":null,"serviceAccountEmail":null,"availableMemory":"256Mi","minInstanceCount":null,"maxInstanceCount":null,"maxInstanceRequestConcurrency":80,"availableCpu":"1","vpcConnector":null,"vpcConnectorEgressSettings":null},"labels":{"deployment-tool":"cli-firebase","firebase-functions-hash":"bc3b27d5253cdadb586c7f57083fa2a60560483d"},"eventTrigger":{"eventType":"google.firebase.database.ref.v1.created","retryPolicy":"RETRY_POLICY_DO_NOT_RETRY","eventFilters":[{"attribute":"instance","value":"portfolio-2578e-default-rtdb"},{"attribute":"ref","value":"dm/threadMessages/{conversationId}/{messageId}","operator":"match-path-pattern"}],"triggerRegion":"us-central1"}}
[debug] [2026-10-10T07:28:23.160Z] <<< [apiv2][status] POST https://cloudfunctions.googleapis.com/v2/projects/portfolio-2578e/locations/us-central1/functions 200
[debug] [2026-10-10T07:28:23.160Z] <<< [apiv2][body] POST https://cloudfunctions.googleapis.com/v2/projects/portfolio-2578e/locations/us-central1/functions {"name":"projects/portfolio-2578e/locations/us-central1/operations/operation-1791617301725-65d7768d7c01e-5c0470f9-95553c77","metadata":{"@type":"type.googleapis.com/google.cloud.functions.v2.OperationMetadata","createTime":"2026-10-10T07:28:23.227128730Z","target":"projects/portfolio-2578e/locations/us-central1/functions/leadFromInquiry","verb":"create","cancelRequested":false,"apiVersion":"v2"},"done":false}
[debug] [2026-10-10T07:28:23.160Z] Checked if tokens are valid: true, expires at: 1791620089429
[debug] [2026-10-10T07:28:23.160Z] Checked if tokens are valid: true, expires at: 1791620089429
[debug] [2026-10-10T07:28:23.160Z] >>> [apiv2][query] GET https://cloudfunctions.googleapis.com/v2/projects/portfolio-2578e/locations/us-central1/operations/operation-1791617301725-65d7768d7c01e-5c0470f9-95553c77 [none]
[debug] [2026-10-10T07:28:23.297Z] <<< [apiv2][status] GET https://cloudfunctions.googleapis.com/v2/projects/portfolio-2578e/locations/us-central1/operations/operation-1791617301725-65d7768d7c01e-5c0470f9-95553c77 200
[debug] [2026-10-10T07:28:23.297Z] <<< [apiv2][body] GET https://cloudfunctions.googleapis.com/v2/projects/portfolio-2578e/locations/us-central1/operations/operation-1791617301725-65d7768d7c01e-5c0470f9-95553c77 {"name":"projects/portfolio-2578e/locations/us-central1/operations/operation-1791617301725-65d7768d7c01e-5c0470f9-95553c77","metadata":{"@type":"type.googleapis.com/google.cloud.functions.v2.OperationMetadata","createTime":"2026-10-10T07:28:23.227128730Z","target":"projects/portfolio-2578e/locations/us-central1/functions/leadFromInquiry","verb":"create","cancelRequested":false,"apiVersion":"v2"},"done":false}
[debug] [2026-10-10T07:28:23.799Z] [create-default-us-central1-leadFromInquiry] Retrying task index 0
[debug] [2026-10-10T07:28:23.799Z] Checked if tokens are valid: true, expires at: 1791620089429
[debug] [2026-10-10T07:28:23.799Z] Checked if tokens are valid: true, expires at: 1791620089429
[debug] [2026-10-10T07:28:23.800Z] >>> [apiv2][query] GET https://cloudfunctions.googleapis.com/v2/projects/portfolio-2578e/locations/us-central1/operations/operation-1791617301725-65d7768d7c01e-5c0470f9-95553c77 [none]
[debug] [2026-10-10T07:28:23.966Z] <<< [apiv2][status] GET https://cloudfunctions.googleapis.com/v2/projects/portfolio-2578e/locations/us-central1/operations/operation-1791617301725-65d7768d7c01e-5c0470f9-95553c77 200
[debug] [2026-10-10T07:28:23.967Z] <<< [apiv2][body] GET https://cloudfunctions.googleapis.com/v2/projects/portfolio-2578e/locations/us-central1/operations/operation-1791617301725-65d7768d7c01e-5c0470f9-95553c77 {"name":"projects/portfolio-2578e/locations/us-central1/operations/operation-1791617301725-65d7768d7c01e-5c0470f9-95553c77","metadata":{"@type":"type.googleapis.com/google.cloud.functions.v2.OperationMetadata","createTime":"2026-10-10T07:28:23.227128730Z","target":"projects/portfolio-2578e/locations/us-central1/functions/leadFromInquiry","verb":"create","cancelRequested":false,"apiVersion":"v2","requestResource":{"@type":"type.googleapis.com/google.cloud.functions.v2.Function","name":"projects/portfolio-2578e/locations/us-central1/functions/leadFromInquiry","buildConfig":{"runtime":"nodejs20","entryPoint":"leadFromInquiry","source":{"storageSource":{"bucket":"gcf-v2-sources-980239353589-us-central1","object":"leadFromInquiry/function-source.zip","generation":"1791617301980434"}},"environmentVariables":{"GOOGLE_NODE_RUN_SCRIPTS":""},"serviceAccount":"projects/portfolio-2578e/serviceAccounts/980239353589-compute@developer.gserviceaccount.com","automaticUpdatePolicy":{}},"serviceConfig":{"service":"projects/portfolio-2578e/locations/us-central1/services/leadfrominquiry","timeoutSeconds":60,"environmentVariables":{"RESEND_FROM":"CodeWithRuben <noreply@rubenjimenez.dev>","NOTIFY_TO_EMAIL":"ruben.jim.co@gmail.com","FIREBASE_CONFIG":"{\"projectId\":\"portfolio-2578e\",\"databaseURL\":\"https://portfolio-2578e-default-rtdb.firebaseio.com\",\"storageBucket\":\"portfolio-2578e.firebasestorage.app\"}","GCLOUD_PROJECT":"portfolio-2578e","EVENTARC_CLOUD_EVENT_SOURCE":"projects/portfolio-2578e/locations/us-central1/services/leadFromInquiry","FUNCTION_SIGNATURE_TYPE":"cloudevent","FUNCTION_TARGET":"leadFromInquiry","LOG_EXECUTION_ID":"true"},"ingressSettings":"ALLOW_ALL","serviceAccountEmail":"980239353589-compute@developer.gserviceaccount.com","availableMemory":"256Mi","maxInstanceRequestConcurrency":80,"availableCpu":"1"},"eventTrigger":{"trigger":"projects/portfolio-2578e/locations/us-central1/triggers/leadfrominquiry-359973","triggerRegion":"us-central1","eventType":"google.firebase.database.ref.v1.created","eventFilters":[{"attribute":"instance","value":"portfolio-2578e-default-rtdb"},{"attribute":"ref","value":"dm/threadMessages/{conversationId}/{messageId}","operator":"match-path-pattern"}],"serviceAccountEmail":"980239353589-compute@developer.gserviceaccount.com","retryPolicy":"RETRY_POLICY_DO_NOT_RETRY"},"labels":{"deployment-tool":"cli-firebase","firebase-functions-hash":"bc3b27d5253cdadb586c7f57083fa2a60560483d"},"environment":"GEN_2"},"stages":[{"name":"BUILD","state":"NOT_STARTED","stateMessages":[{"severity":"WARNING","type":"BuildAnalysisWarning","message":"Node.js 20 is no longer supported by the Node.js community as of 30 April, 2026. Node.js 20 will be decommissioned on 2026-10-30. As of 2026-10-30 you will no longer be able to deploy your Cloud Functions using nodejs20. We recommend you to upgrade to the latest version of Node.js as soon as possible."}]},{"name":"SERVICE","state":"NOT_STARTED"},{"name":"TRIGGER","state":"NOT_STARTED"}],"operationType":"CREATE_FUNCTION"},"done":false}
[debug] [2026-10-10T07:28:24.968Z] [create-default-us-central1-leadFromInquiry] Retrying task index 0
[debug] [2026-10-10T07:28:24.968Z] Checked if tokens are valid: true, expires at: 1791620089429
[debug] [2026-10-10T07:28:24.968Z] Checked if tokens are valid: true, expires at: 1791620089429
[debug] [2026-10-10T07:28:24.968Z] >>> [apiv2][query] GET https://cloudfunctions.googleapis.com/v2/projects/portfolio-2578e/locations/us-central1/operations/operation-1791617301725-65d7768d7c01e-5c0470f9-95553c77 [none]
[debug] [2026-10-10T07:28:25.114Z] <<< [apiv2][status] GET https://cloudfunctions.googleapis.com/v2/projects/portfolio-2578e/locations/us-central1/operations/operation-1791617301725-65d7768d7c01e-5c0470f9-95553c77 200
[debug] [2026-10-10T07:28:25.114Z] <<< [apiv2][body] GET https://cloudfunctions.googleapis.com/v2/projects/portfolio-2578e/locations/us-central1/operations/operation-1791617301725-65d7768d7c01e-5c0470f9-95553c77 {"name":"projects/portfolio-2578e/locations/us-central1/operations/operation-1791617301725-65d7768d7c01e-5c0470f9-95553c77","metadata":{"@type":"type.googleapis.com/google.cloud.functions.v2.OperationMetadata","createTime":"2026-10-10T07:28:23.227128730Z","target":"projects/portfolio-2578e/locations/us-central1/functions/leadFromInquiry","verb":"create","cancelRequested":false,"apiVersion":"v2","requestResource":{"@type":"type.googleapis.com/google.cloud.functions.v2.Function","name":"projects/portfolio-2578e/locations/us-central1/functions/leadFromInquiry","buildConfig":{"runtime":"nodejs20","entryPoint":"leadFromInquiry","source":{"storageSource":{"bucket":"gcf-v2-sources-980239353589-us-central1","object":"leadFromInquiry/function-source.zip","generation":"1791617301980434"}},"environmentVariables":{"GOOGLE_NODE_RUN_SCRIPTS":""},"serviceAccount":"projects/portfolio-2578e/serviceAccounts/980239353589-compute@developer.gserviceaccount.com","automaticUpdatePolicy":{}},"serviceConfig":{"service":"projects/portfolio-2578e/locations/us-central1/services/leadfrominquiry","timeoutSeconds":60,"environmentVariables":{"RESEND_FROM":"CodeWithRuben <noreply@rubenjimenez.dev>","NOTIFY_TO_EMAIL":"ruben.jim.co@gmail.com","FIREBASE_CONFIG":"{\"projectId\":\"portfolio-2578e\",\"databaseURL\":\"https://portfolio-2578e-default-rtdb.firebaseio.com\",\"storageBucket\":\"portfolio-2578e.firebasestorage.app\"}","GCLOUD_PROJECT":"portfolio-2578e","EVENTARC_CLOUD_EVENT_SOURCE":"projects/portfolio-2578e/locations/us-central1/services/leadFromInquiry","FUNCTION_SIGNATURE_TYPE":"cloudevent","FUNCTION_TARGET":"leadFromInquiry","LOG_EXECUTION_ID":"true"},"ingressSettings":"ALLOW_ALL","serviceAccountEmail":"980239353589-compute@developer.gserviceaccount.com","availableMemory":"256Mi","maxInstanceRequestConcurrency":80,"availableCpu":"1"},"eventTrigger":{"trigger":"projects/portfolio-2578e/locations/us-central1/triggers/leadfrominquiry-359973","triggerRegion":"us-central1","eventType":"google.firebase.database.ref.v1.created","eventFilters":[{"attribute":"instance","value":"portfolio-2578e-default-rtdb"},{"attribute":"ref","value":"dm/threadMessages/{conversationId}/{messageId}","operator":"match-path-pattern"}],"serviceAccountEmail":"980239353589-compute@developer.gserviceaccount.com","retryPolicy":"RETRY_POLICY_DO_NOT_RETRY"},"labels":{"deployment-tool":"cli-firebase","firebase-functions-hash":"bc3b27d5253cdadb586c7f57083fa2a60560483d"},"environment":"GEN_2"},"stages":[{"name":"BUILD","message":"Build in progress","state":"IN_PROGRESS","resource":"projects/980239353589/locations/us-central1/builds/77defc79-616c-454e-8a3a-b3455922904f","resourceUri":"https://console.cloud.google.com/cloud-build/builds;region=us-central1/77defc79-616c-454e-8a3a-b3455922904f?project=980239353589"},{"name":"SERVICE","state":"NOT_STARTED"},{"name":"TRIGGER","state":"NOT_STARTED"}],"operationType":"CREATE_FUNCTION","buildName":"projects/980239353589/locations/us-central1/builds/77defc79-616c-454e-8a3a-b3455922904f"},"done":false}
[debug] [2026-10-10T07:28:27.116Z] [create-default-us-central1-leadFromInquiry] Retrying task index 0
[debug] [2026-10-10T07:28:27.116Z] Checked if tokens are valid: true, expires at: 1791620089429
[debug] [2026-10-10T07:28:27.116Z] Checked if tokens are valid: true, expires at: 1791620089429
[debug] [2026-10-10T07:28:27.116Z] >>> [apiv2][query] GET https://cloudfunctions.googleapis.com/v2/projects/portfolio-2578e/locations/us-central1/operations/operation-1791617301725-65d7768d7c01e-5c0470f9-95553c77 [none]
[debug] [2026-10-10T07:28:27.255Z] <<< [apiv2][status] GET https://cloudfunctions.googleapis.com/v2/projects/portfolio-2578e/locations/us-central1/operations/operation-1791617301725-65d7768d7c01e-5c0470f9-95553c77 200
[debug] [2026-10-10T07:28:27.256Z] <<< [apiv2][body] GET https://cloudfunctions.googleapis.com/v2/projects/portfolio-2578e/locations/us-central1/operations/operation-1791617301725-65d7768d7c01e-5c0470f9-95553c77 {"name":"projects/portfolio-2578e/locations/us-central1/operations/operation-1791617301725-65d7768d7c01e-5c0470f9-95553c77","metadata":{"@type":"type.googleapis.com/google.cloud.functions.v2.OperationMetadata","createTime":"2026-10-10T07:28:23.227128730Z","target":"projects/portfolio-2578e/locations/us-central1/functions/leadFromInquiry","verb":"create","cancelRequested":false,"apiVersion":"v2","requestResource":{"@type":"type.googleapis.com/google.cloud.functions.v2.Function","name":"projects/portfolio-2578e/locations/us-central1/functions/leadFromInquiry","buildConfig":{"runtime":"nodejs20","entryPoint":"leadFromInquiry","source":{"storageSource":{"bucket":"gcf-v2-sources-980239353589-us-central1","object":"leadFromInquiry/function-source.zip","generation":"1791617301980434"}},"environmentVariables":{"GOOGLE_NODE_RUN_SCRIPTS":""},"serviceAccount":"projects/portfolio-2578e/serviceAccounts/980239353589-compute@developer.gserviceaccount.com","automaticUpdatePolicy":{}},"serviceConfig":{"service":"projects/portfolio-2578e/locations/us-central1/services/leadfrominquiry","timeoutSeconds":60,"environmentVariables":{"RESEND_FROM":"CodeWithRuben <noreply@rubenjimenez.dev>","NOTIFY_TO_EMAIL":"ruben.jim.co@gmail.com","FIREBASE_CONFIG":"{\"projectId\":\"portfolio-2578e\",\"databaseURL\":\"https://portfolio-2578e-default-rtdb.firebaseio.com\",\"storageBucket\":\"portfolio-2578e.firebasestorage.app\"}","GCLOUD_PROJECT":"portfolio-2578e","EVENTARC_CLOUD_EVENT_SOURCE":"projects/portfolio-2578e/locations/us-central1/services/leadFromInquiry","FUNCTION_SIGNATURE_TYPE":"cloudevent","FUNCTION_TARGET":"leadFromInquiry","LOG_EXECUTION_ID":"true"},"ingressSettings":"ALLOW_ALL","serviceAccountEmail":"980239353589-compute@developer.gserviceaccount.com","availableMemory":"256Mi","maxInstanceRequestConcurrency":80,"availableCpu":"1"},"eventTrigger":{"trigger":"projects/portfolio-2578e/locations/us-central1/triggers/leadfrominquiry-359973","triggerRegion":"us-central1","eventType":"google.firebase.database.ref.v1.created","eventFilters":[{"attribute":"instance","value":"portfolio-2578e-default-rtdb"},{"attribute":"ref","value":"dm/threadMessages/{conversationId}/{messageId}","operator":"match-path-pattern"}],"serviceAccountEmail":"980239353589-compute@developer.gserviceaccount.com","retryPolicy":"RETRY_POLICY_DO_NOT_RETRY"},"labels":{"deployment-tool":"cli-firebase","firebase-functions-hash":"bc3b27d5253cdadb586c7f57083fa2a60560483d"},"environment":"GEN_2"},"stages":[{"name":"BUILD","message":"Build in progress","state":"IN_PROGRESS","resource":"projects/980239353589/locations/us-central1/builds/77defc79-616c-454e-8a3a-b3455922904f","resourceUri":"https://console.cloud.google.com/cloud-build/builds;region=us-central1/77defc79-616c-454e-8a3a-b3455922904f?project=980239353589"},{"name":"SERVICE","state":"NOT_STARTED"},{"name":"TRIGGER","state":"NOT_STARTED"}],"operationType":"CREATE_FUNCTION","buildName":"projects/980239353589/locations/us-central1/builds/77defc79-616c-454e-8a3a-b3455922904f"},"done":false}
